2026-06-17 12:43:38,901 INFO o.a.j.u.JMeterUtils: Setting Locale to en_EN
2026-06-17 12:43:38,982 INFO o.a.j.JMeter: Loading user properties from: C:\apache-jmeter-5.6.3\bin\user.properties
2026-06-17 12:43:39,014 INFO o.a.j.JMeter: Loading system properties from: C:\apache-jmeter-5.6.3\bin\system.properties
2026-06-17 12:43:39,024 INFO o.a.j.JMeter: Copyright (c) 1998-2024 The Apache Software Foundation
2026-06-17 12:43:39,024 INFO o.a.j.JMeter: Version 5.6.3
2026-06-17 12:43:39,024 INFO o.a.j.JMeter: java.version=21.0.8
2026-06-17 12:43:39,024 INFO o.a.j.JMeter: java.vm.name=Java HotSpot(TM) 64-Bit Server VM
2026-06-17 12:43:39,024 INFO o.a.j.JMeter: os.name=Windows 11
2026-06-17 12:43:39,024 INFO o.a.j.JMeter: os.arch=amd64
2026-06-17 12:43:39,024 INFO o.a.j.JMeter: os.version=10.0
2026-06-17 12:43:39,024 INFO o.a.j.JMeter: file.encoding=UTF-8
2026-06-17 12:43:39,024 INFO o.a.j.JMeter: java.awt.headless=true
2026-06-17 12:43:39,024 INFO o.a.j.JMeter: Max memory     =1073741824
2026-06-17 12:43:39,024 INFO o.a.j.JMeter: Available Processors =12
2026-06-17 12:43:39,040 INFO o.a.j.JMeter: Default Locale=English (EN)
2026-06-17 12:43:39,041 INFO o.a.j.JMeter: JMeter  Locale=English (EN)
2026-06-17 12:43:39,041 INFO o.a.j.JMeter: JMeterHome=C:\apache-jmeter-5.6.3
2026-06-17 12:43:39,041 INFO o.a.j.JMeter: user.dir  =D:\Mohan\play-wright
2026-06-17 12:43:39,041 INFO o.a.j.JMeter: PWD       =D:\Mohan\play-wright
2026-06-17 12:43:39,106 INFO o.a.j.JMeter: IP: 192.168.1.34 Name: opalminds FullName: 192.168.1.34
2026-06-17 12:43:39,135 INFO o.a.j.JMeter: Setting property 'jmeter.reportgenerator.outputdir' to:'D:\Mohan\play-wright\html-report'
2026-06-17 12:43:39,142 INFO o.a.j.s.FileServer: Default base='D:\Mohan\play-wright'
2026-06-17 12:43:39,145 INFO o.a.j.s.FileServer: Set new base='D:\Mohan\play-wright\temp\jmeter-runtime'
2026-06-17 12:43:39,629 INFO o.a.j.s.SaveService: Testplan (JMX) version: 2.2. Testlog (JTL) version: 2.2
2026-06-17 12:43:39,748 INFO o.a.j.s.SaveService: Using SaveService properties version 5.0
2026-06-17 12:43:39,757 INFO o.a.j.s.SaveService: Using SaveService properties file encoding UTF-8
2026-06-17 12:43:39,764 INFO o.a.j.s.SaveService: Loading file: D:\Mohan\play-wright\temp\jmeter-runtime\jmeter-b24a17e9-a410-4943-b4a7-050196e961d0.jmx
2026-06-17 12:43:39,890 INFO o.a.j.p.h.c.CookieManager: Settings: Delete null: true Check: true Allow variable: true Save: false Prefix: COOKIE_
2026-06-17 12:43:39,937 INFO o.a.j.p.h.s.HTTPSamplerBase: Parser for text/html is org.apache.jmeter.protocol.http.parser.LagartoBasedHtmlParser
2026-06-17 12:43:39,937 INFO o.a.j.p.h.s.HTTPSamplerBase: Parser for application/xhtml+xml is org.apache.jmeter.protocol.http.parser.LagartoBasedHtmlParser
2026-06-17 12:43:39,938 INFO o.a.j.p.h.s.HTTPSamplerBase: Parser for application/xml is org.apache.jmeter.protocol.http.parser.LagartoBasedHtmlParser
2026-06-17 12:43:39,938 INFO o.a.j.p.h.s.HTTPSamplerBase: Parser for text/xml is org.apache.jmeter.protocol.http.parser.LagartoBasedHtmlParser
2026-06-17 12:43:39,938 INFO o.a.j.p.h.s.HTTPSamplerBase: Parser for text/vnd.wap.wml is org.apache.jmeter.protocol.http.parser.RegexpHTMLParser
2026-06-17 12:43:39,938 INFO o.a.j.p.h.s.HTTPSamplerBase: Parser for text/css is org.apache.jmeter.protocol.http.parser.CssParser
2026-06-17 12:43:39,957 INFO o.a.j.JMeter: Creating summariser <summary>
2026-06-17 12:43:39,982 INFO o.a.j.r.d.ReportGenerator: ReportGenerator will use for Parsing the separator: ','
2026-06-17 12:43:39,982 INFO o.a.j.r.d.ReportGenerator: Will generate report at end of test from  results file: D:\Mohan\play-wright\jmeter\results.jtl
2026-06-17 12:43:39,982 INFO o.a.j.r.d.ReportGenerator: Reading report generator properties from: C:\apache-jmeter-5.6.3\bin\reportgenerator.properties
2026-06-17 12:43:40,004 INFO o.a.j.r.d.ReportGenerator: Merging with JMeter properties
2026-06-17 12:43:40,011 INFO o.a.j.r.c.ReportGeneratorConfiguration: Property 'jmeter.reportgenerator.temp_dir' not found, using default value 'temp' instead.
2026-06-17 12:43:40,015 INFO o.a.j.r.c.ReportGeneratorConfiguration: Property 'jmeter.reportgenerator.apdex_per_transaction' not found, using default value 'null' instead.
2026-06-17 12:43:40,015 INFO o.a.j.r.c.ReportGeneratorConfiguration: apdex_per_transaction is empty, not APDEX per transaction customization
2026-06-17 12:43:40,015 INFO o.a.j.r.c.ReportGeneratorConfiguration: Property 'jmeter.reportgenerator.sample_filter' not found, using default value 'null' instead.
2026-06-17 12:43:40,016 INFO o.a.j.r.c.ReportGeneratorConfiguration: Property 'jmeter.reportgenerator.report_title' not found, using default value 'null' instead.
2026-06-17 12:43:40,016 INFO o.a.j.r.c.ReportGeneratorConfiguration: Property 'jmeter.reportgenerator.start_date' not found, using default value 'null' instead.
2026-06-17 12:43:40,016 INFO o.a.j.r.c.ReportGeneratorConfiguration: Property 'jmeter.reportgenerator.end_date' not found, using default value 'null' instead.
2026-06-17 12:43:40,016 INFO o.a.j.r.c.ReportGeneratorConfiguration: Property 'jmeter.reportgenerator.date_format' not found, using default value 'null' instead.
2026-06-17 12:43:40,018 INFO o.a.j.r.c.ReportGeneratorConfiguration: Will use date range start date: null, end date: null
2026-06-17 12:43:40,038 INFO o.a.j.r.c.ReportGeneratorConfiguration: Property 'jmeter.reportgenerator.graph.totalTPS.exclude_controllers' not found, using default value 'false' instead.
2026-06-17 12:43:40,039 INFO o.a.j.r.c.ReportGeneratorConfiguration: Property 'jmeter.reportgenerator.graph.activeThreadsOverTime.exclude_controllers' not found, using default value 'false' instead.
2026-06-17 12:43:40,040 INFO o.a.j.r.c.ReportGeneratorConfiguration: Property 'jmeter.reportgenerator.graph.timeVsThreads.exclude_controllers' not found, using default value 'false' instead.
2026-06-17 12:43:40,040 INFO o.a.j.r.c.ReportGeneratorConfiguration: Property 'jmeter.reportgenerator.graph.responseTimeDistribution.exclude_controllers' not found, using default value 'false' instead.
2026-06-17 12:43:40,040 INFO o.a.j.r.c.ReportGeneratorConfiguration: Property 'jmeter.reportgenerator.graph.transactionsPerSecond.exclude_controllers' not found, using default value 'false' instead.
2026-06-17 12:43:40,040 INFO o.a.j.r.c.ReportGeneratorConfiguration: Property 'jmeter.reportgenerator.graph.responseTimePercentiles.exclude_controllers' not found, using default value 'false' instead.
2026-06-17 12:43:40,041 INFO o.a.j.r.c.ReportGeneratorConfiguration: Property 'jmeter.reportgenerator.graph.responseTimePercentilesOverTime.exclude_controllers' not found, using default value 'false' instead.
2026-06-17 12:43:40,041 INFO o.a.j.r.c.ReportGeneratorConfiguration: Property 'jmeter.reportgenerator.graph.responseTimesOverTime.exclude_controllers' not found, using default value 'false' instead.
2026-06-17 12:43:40,041 INFO o.a.j.r.c.ReportGeneratorConfiguration: Property 'jmeter.reportgenerator.graph.connectTimeOverTime.exclude_controllers' not found, using default value 'false' instead.
2026-06-17 12:43:40,041 INFO o.a.j.r.c.ReportGeneratorConfiguration: Property 'jmeter.reportgenerator.graph.latenciesOverTime.exclude_controllers' not found, using default value 'false' instead.
2026-06-17 12:43:40,043 INFO o.a.j.r.c.ReportGeneratorConfiguration: Property 'jmeter.reportgenerator.exporter.json.filters_only_sample_series' not found, using default value 'true' instead.
2026-06-17 12:43:40,043 INFO o.a.j.r.c.ReportGeneratorConfiguration: Property 'jmeter.reportgenerator.exporter.json.series_filter' not found, using default value '' instead.
2026-06-17 12:43:40,044 INFO o.a.j.r.c.ReportGeneratorConfiguration: Property 'jmeter.reportgenerator.exporter.json.show_controllers_only' not found, using default value 'false' instead.
2026-06-17 12:43:40,045 INFO o.a.j.r.c.ReportGeneratorConfiguration: Property 'jmeter.reportgenerator.exporter.html.filters_only_sample_series' not found, using default value 'true' instead.
2026-06-17 12:43:40,045 INFO o.a.j.r.c.ReportGeneratorConfiguration: Property 'jmeter.reportgenerator.exporter.html.series_filter' not found, using default value '' instead.
2026-06-17 12:43:40,045 INFO o.a.j.r.c.ReportGeneratorConfiguration: Property 'jmeter.reportgenerator.exporter.html.show_controllers_only' not found, using default value 'false' instead.
2026-06-17 12:43:40,078 INFO o.a.j.e.StandardJMeterEngine: Running the test!
2026-06-17 12:43:40,079 INFO o.a.j.s.SampleEvent: List of sample_variables: []
2026-06-17 12:43:40,079 INFO o.a.j.s.SampleEvent: List of sample_variables: []
2026-06-17 12:43:40,087 INFO o.a.j.e.u.CompoundVariable: Note: Function class names must contain the string: '.functions.'
2026-06-17 12:43:40,087 INFO o.a.j.e.u.CompoundVariable: Note: Function class names must not contain the string: '.gui.'
2026-06-17 12:43:40,361 INFO o.a.j.JMeter: Running test (1781680420361)
2026-06-17 12:43:40,393 INFO o.a.j.e.StandardJMeterEngine: Starting ThreadGroup: 1 : Dashboard Virtual Users
2026-06-17 12:43:40,393 INFO o.a.j.e.StandardJMeterEngine: Starting 10 threads for group Dashboard Virtual Users.
2026-06-17 12:43:40,393 INFO o.a.j.e.StandardJMeterEngine: Thread will continue on error
2026-06-17 12:43:40,394 INFO o.a.j.t.ThreadGroup: Starting thread group... number=1 threads=10 ramp-up=1 delayedStart=false
2026-06-17 12:43:40,408 INFO o.a.j.t.JMeterThread: Thread started: Dashboard Virtual Users 1-1
2026-06-17 12:43:40,408 INFO o.a.j.t.ThreadGroup: Started thread group number 1
2026-06-17 12:43:40,408 INFO o.a.j.e.StandardJMeterEngine: All thread groups have been started
2026-06-17 12:43:40,463 INFO o.a.j.p.h.s.HTTPHCAbstractImpl: Local host = opalminds
2026-06-17 12:43:40,474 INFO o.a.j.p.h.s.HTTPHC4Impl: HTTP request retry count = 0
2026-06-17 12:43:40,477 INFO o.a.j.s.SampleResult: Note: Sample TimeStamps are START times
2026-06-17 12:43:40,477 INFO o.a.j.s.SampleResult: sampleresult.default.encoding is set to UTF-8
2026-06-17 12:43:40,478 INFO o.a.j.s.SampleResult: sampleresult.useNanoTime=true
2026-06-17 12:43:40,478 INFO o.a.j.s.SampleResult: sampleresult.nanoThreadSleep=5000
2026-06-17 12:43:40,505 INFO o.a.j.t.JMeterThread: Thread started: Dashboard Virtual Users 1-2
2026-06-17 12:43:40,611 INFO o.a.j.t.JMeterThread: Thread started: Dashboard Virtual Users 1-3
2026-06-17 12:43:40,750 INFO o.a.j.t.JMeterThread: Thread started: Dashboard Virtual Users 1-4
2026-06-17 12:43:40,985 INFO o.a.j.t.JMeterThread: Thread started: Dashboard Virtual Users 1-5
2026-06-17 12:43:40,991 INFO o.a.j.t.JMeterThread: Thread started: Dashboard Virtual Users 1-6
2026-06-17 12:43:41,020 INFO o.a.j.t.JMeterThread: Thread started: Dashboard Virtual Users 1-7
2026-06-17 12:43:41,129 INFO o.a.j.t.JMeterThread: Thread started: Dashboard Virtual Users 1-8
2026-06-17 12:43:41,223 INFO o.a.j.t.JMeterThread: Thread started: Dashboard Virtual Users 1-9
2026-06-17 12:43:41,266 INFO o.a.j.t.JMeterThread: Thread is done: Dashboard Virtual Users 1-2
2026-06-17 12:43:41,266 INFO o.a.j.t.JMeterThread: Thread finished: Dashboard Virtual Users 1-2
2026-06-17 12:43:41,267 INFO o.a.j.t.JMeterThread: Thread is done: Dashboard Virtual Users 1-1
2026-06-17 12:43:41,267 INFO o.a.j.t.JMeterThread: Thread finished: Dashboard Virtual Users 1-1
2026-06-17 12:43:41,289 INFO o.a.j.t.JMeterThread: Thread is done: Dashboard Virtual Users 1-6
2026-06-17 12:43:41,287 INFO o.a.j.t.JMeterThread: Thread is done: Dashboard Virtual Users 1-5
2026-06-17 12:43:41,301 INFO o.a.j.t.JMeterThread: Thread finished: Dashboard Virtual Users 1-5
2026-06-17 12:43:41,289 INFO o.a.j.t.JMeterThread: Thread finished: Dashboard Virtual Users 1-6
2026-06-17 12:43:41,325 INFO o.a.j.t.JMeterThread: Thread is done: Dashboard Virtual Users 1-4
2026-06-17 12:43:41,325 INFO o.a.j.t.JMeterThread: Thread finished: Dashboard Virtual Users 1-4
2026-06-17 12:43:41,393 INFO o.a.j.t.JMeterThread: Thread started: Dashboard Virtual Users 1-10
2026-06-17 12:43:41,468 INFO o.a.j.t.JMeterThread: Thread is done: Dashboard Virtual Users 1-8
2026-06-17 12:43:41,468 INFO o.a.j.t.JMeterThread: Thread finished: Dashboard Virtual Users 1-8
2026-06-17 12:43:41,768 INFO o.a.j.t.JMeterThread: Thread is done: Dashboard Virtual Users 1-9
2026-06-17 12:43:41,768 INFO o.a.j.t.JMeterThread: Thread finished: Dashboard Virtual Users 1-9
2026-06-17 12:43:41,887 INFO o.a.j.t.JMeterThread: Thread is done: Dashboard Virtual Users 1-10
2026-06-17 12:43:41,887 INFO o.a.j.t.JMeterThread: Thread finished: Dashboard Virtual Users 1-10
2026-06-17 12:43:41,970 INFO o.a.j.t.JMeterThread: Thread is done: Dashboard Virtual Users 1-3
2026-06-17 12:43:41,970 INFO o.a.j.t.JMeterThread: Thread finished: Dashboard Virtual Users 1-3
2026-06-17 12:43:42,636 INFO o.a.j.t.JMeterThread: Thread is done: Dashboard Virtual Users 1-7
2026-06-17 12:43:42,637 INFO o.a.j.t.JMeterThread: Thread finished: Dashboard Virtual Users 1-7
2026-06-17 12:43:42,639 INFO o.a.j.e.StandardJMeterEngine: Notifying test listeners of end of test
2026-06-17 12:43:42,656 INFO o.a.j.r.Summariser: summary =     10 in 00:00:02 =    4.4/s Avg:   610 Min:   265 Max:  1612 Err:     0 (0.00%)
2026-06-17 12:43:42,663 INFO o.a.j.JMeter: Generating Dashboard
2026-06-17 12:43:42,666 INFO o.a.j.r.d.ReportGenerator: Flushing result collector before report Generation
2026-06-17 12:43:43,007 INFO o.a.j.r.p.NormalizerSampleConsumer: Using format, 'ms', to parse timeStamp field
2026-06-17 12:43:43,536 INFO o.a.j.r.p.AbstractSampleConsumer: class org.apache.jmeter.report.processor.AggregateConsumer#stopProducing(): beginDate produced 0 samples
2026-06-17 12:43:43,536 INFO o.a.j.r.p.AbstractSampleConsumer: class org.apache.jmeter.report.processor.AggregateConsumer#stopProducing(): endDate produced 0 samples
2026-06-17 12:43:43,542 INFO o.a.j.r.p.AbstractSampleConsumer: class org.apache.jmeter.report.processor.ApdexSummaryConsumer#stopProducing(): apdexSummary produced 0 samples
2026-06-17 12:43:43,542 INFO o.a.j.r.p.AbstractSampleConsumer: class org.apache.jmeter.report.processor.RequestsSummaryConsumer#stopProducing(): requestsSummary produced 0 samples
2026-06-17 12:43:43,559 INFO o.a.j.r.p.AbstractSampleConsumer: class org.apache.jmeter.report.processor.StatisticsSummaryConsumer#stopProducing(): statisticsSummary produced 0 samples
2026-06-17 12:43:43,569 INFO o.a.j.r.p.AbstractSampleConsumer: class org.apache.jmeter.report.processor.Top5ErrorsBySamplerConsumer#stopProducing(): top5ErrorsBySampler produced 0 samples
2026-06-17 12:43:43,570 INFO o.a.j.r.p.AbstractSampleConsumer: class org.apache.jmeter.report.processor.ErrorsSummaryConsumer#stopProducing(): errorsSummary produced 0 samples
2026-06-17 12:43:43,570 INFO o.a.j.r.p.AbstractSampleConsumer: class org.apache.jmeter.report.processor.graph.impl.HitsPerSecondGraphConsumer#stopProducing(): hitsPerSecond produced 0 samples
2026-06-17 12:43:43,688 INFO o.a.j.r.p.AbstractSampleConsumer: class org.apache.jmeter.report.processor.graph.impl.LatencyVSRequestGraphConsumer#stopProducing(): latencyVsRequest produced 0 samples
2026-06-17 12:43:43,689 INFO o.a.j.r.p.AbstractSampleConsumer: class org.apache.jmeter.report.processor.graph.impl.SyntheticResponseTimeDistributionGraphConsumer#stopProducing(): syntheticResponseTimeDistribution produced 0 samples
2026-06-17 12:43:43,690 INFO o.a.j.r.p.AbstractSampleConsumer: class org.apache.jmeter.report.processor.graph.impl.BytesThroughputGraphConsumer#stopProducing(): bytesThroughputOverTime produced 0 samples
2026-06-17 12:43:43,691 INFO o.a.j.r.p.AbstractSampleConsumer: class org.apache.jmeter.report.processor.graph.impl.CodesPerSecondGraphConsumer#stopProducing(): codesPerSecond produced 0 samples
2026-06-17 12:43:43,706 INFO o.a.j.r.p.AbstractSampleConsumer: class org.apache.jmeter.report.processor.graph.impl.ResponseTimeVSRequestGraphConsumer#stopProducing(): responseTimeVsRequest produced 0 samples
2026-06-17 12:43:43,708 INFO o.a.j.r.p.AbstractSampleConsumer: class org.apache.jmeter.report.processor.FilterConsumer#stopProducing(): startIntervalControlerFilter produced 70 samples
2026-06-17 12:43:43,708 INFO o.a.j.r.p.AbstractSampleConsumer: class org.apache.jmeter.report.processor.graph.impl.TotalTPSGraphConsumer#stopProducing(): totalTPS produced 0 samples
2026-06-17 12:43:43,709 INFO o.a.j.r.p.AbstractSampleConsumer: class org.apache.jmeter.report.processor.graph.impl.ActiveThreadsGraphConsumer#stopProducing(): activeThreadsOverTime produced 0 samples
2026-06-17 12:43:43,709 INFO o.a.j.r.p.AbstractSampleConsumer: class org.apache.jmeter.report.processor.graph.impl.TimeVSThreadGraphConsumer#stopProducing(): timeVsThreads produced 0 samples
2026-06-17 12:43:43,709 INFO o.a.j.r.p.AbstractSampleConsumer: class org.apache.jmeter.report.processor.graph.impl.ResponseTimeDistributionGraphConsumer#stopProducing(): responseTimeDistribution produced 0 samples
2026-06-17 12:43:43,709 INFO o.a.j.r.p.AbstractSampleConsumer: class org.apache.jmeter.report.processor.graph.impl.TransactionsPerSecondGraphConsumer#stopProducing(): transactionsPerSecond produced 0 samples
2026-06-17 12:43:43,709 INFO o.a.j.r.p.AbstractSampleConsumer: class org.apache.jmeter.report.processor.graph.impl.ResponseTimePercentilesGraphConsumer#stopProducing(): responseTimePercentiles produced 0 samples
2026-06-17 12:43:43,709 INFO o.a.j.r.p.AbstractSampleConsumer: class org.apache.jmeter.report.processor.graph.impl.ResponseTimePercentilesOverTimeGraphConsumer#stopProducing(): responseTimePercentilesOverTime produced 0 samples
2026-06-17 12:43:43,711 INFO o.a.j.r.p.AbstractSampleConsumer: class org.apache.jmeter.report.processor.graph.impl.ResponseTimeOverTimeGraphConsumer#stopProducing(): responseTimesOverTime produced 0 samples
2026-06-17 12:43:43,711 INFO o.a.j.r.p.AbstractSampleConsumer: class org.apache.jmeter.report.processor.graph.impl.ConnectTimeOverTimeGraphConsumer#stopProducing(): connectTimeOverTime produced 0 samples
2026-06-17 12:43:43,711 INFO o.a.j.r.p.AbstractSampleConsumer: class org.apache.jmeter.report.processor.graph.impl.LatencyOverTimeGraphConsumer#stopProducing(): latenciesOverTime produced 0 samples
2026-06-17 12:43:43,711 INFO o.a.j.r.p.AbstractSampleConsumer: class org.apache.jmeter.report.processor.FilterConsumer#stopProducing(): nameFilter produced 150 samples
2026-06-17 12:43:43,711 INFO o.a.j.r.p.AbstractSampleConsumer: class org.apache.jmeter.report.processor.FilterConsumer#stopProducing(): dateRangeFilter produced 30 samples
2026-06-17 12:43:43,711 INFO o.a.j.r.p.AbstractSampleConsumer: class org.apache.jmeter.report.processor.NormalizerSampleConsumer#stopProducing(): normalizer produced 10 samples
2026-06-17 12:43:43,719 INFO o.a.j.r.p.CsvFileSampleSource: produce(): 10 samples produced in 341ms on channel 0
2026-06-17 12:43:43,725 INFO o.a.j.r.d.ReportGenerator: Exporting data using exporter:'json' of className:'org.apache.jmeter.report.dashboard.JsonExporter'
2026-06-17 12:43:44,407 INFO o.a.j.r.d.JsonExporter: Found data for consumer statisticsSummary in context
2026-06-17 12:43:44,407 INFO o.a.j.r.d.JsonExporter: Creating statistics for overall
2026-06-17 12:43:44,411 INFO o.a.j.r.d.JsonExporter: Creating statistics for other transactions
2026-06-17 12:43:44,420 INFO o.a.j.r.d.JsonExporter: Checking output folder
2026-06-17 12:43:44,421 INFO o.a.j.r.d.JsonExporter: Writing statistics JSON to D:\Mohan\play-wright\html-report\statistics.json
2026-06-17 12:43:44,640 INFO o.a.j.r.d.ReportGenerator: Exporting data using exporter:'html' of className:'org.apache.jmeter.report.dashboard.HtmlTemplateExporter'
2026-06-17 12:43:44,644 INFO o.a.j.r.d.HtmlTemplateExporter: Will generate dashboard in folder: D:\Mohan\play-wright\html-report
2026-06-17 12:43:47,320 INFO o.a.j.r.d.HtmlTemplateExporter: Report will be generated in: D:\Mohan\play-wright\html-report, creating folder structure
2026-06-17 12:43:47,326 INFO o.a.j.r.d.TemplateVisitor: Copying folder from 'C:\apache-jmeter-5.6.3\bin\report-template' to 'D:\Mohan\play-wright\html-report', got message: D:\Mohan\play-wright\html-report, found non empty folder with following content [D:\Mohan\play-wright\html-report\statistics.json], will be ignored
2026-06-17 12:43:57,458 INFO o.a.j.JMeter: Dashboard generated
