2026-06-16T11:01:35.180145800Z  User 34: success.
2026-06-16T11:01:35.205140300Z  User 41: browser tab opened.
2026-06-16T11:01:35.502045100Z  User 43: starting browser workflow.
2026-06-16T11:01:35.758981300Z  User 35: success.
2026-06-16T11:01:36.046749400Z  User 44: starting browser workflow.
2026-06-16T11:01:36.323928Z  User 42: browser tab opened.
2026-06-16T11:01:36.424464100Z  User 39: login flow completed.
2026-06-16T11:01:36.448914600Z  User 36: success.
2026-06-16T11:01:36.477077Z  User 37: success.
2026-06-16T11:01:36.782516300Z  User 45: starting browser workflow.
2026-06-16T11:01:36.848098600Z  User 38: success.
2026-06-16T11:01:36.885497300Z  User 43: browser tab opened.
2026-06-16T11:01:36.900050900Z  User 46: starting browser workflow.
2026-06-16T11:01:37.215587300Z  User 41: login flow completed.
2026-06-16T11:01:37.287818200Z  User 47: starting browser workflow.
2026-06-16T11:01:37.556959800Z  User 40: login flow completed.
2026-06-16T11:01:37.644655700Z  User 44: browser tab opened.
2026-06-16T11:01:38.348779800Z  User 42: login flow completed.
2026-06-16T11:01:38.570700800Z  User 43: login flow completed.
2026-06-16T11:01:38.623163400Z  User 45: browser tab opened.
2026-06-16T11:01:38.650835700Z  User 46: browser tab opened.
2026-06-16T11:01:38.942981600Z  User 39: success.
2026-06-16T11:01:39.086005900Z  User 47: browser tab opened.
2026-06-16T11:01:39.397762Z  User 48: starting browser workflow.
2026-06-16T11:01:39.640055400Z  User 44: login flow completed.
2026-06-16T11:01:39.765120600Z  User 41: success.
2026-06-16T11:01:39.979272700Z  User 49: starting browser workflow.
2026-06-16T11:01:40.250985800Z  User 40: success.
2026-06-16T11:01:40.521508200Z  User 48: browser tab opened.
2026-06-16T11:01:40.537073600Z  User 50: starting browser workflow.
2026-06-16T11:01:40.560692400Z  User 46: login flow completed.
2026-06-16T11:01:40.576817400Z  User 3: login flow completed.
2026-06-16T11:01:40.809638Z  User 45: login flow completed.
2026-06-16T11:01:40.898577100Z  User 42: success.
2026-06-16T11:01:41.145619400Z  User 49: browser tab opened.
2026-06-16T11:01:41.158775Z  User 51: starting browser workflow.
2026-06-16T11:01:41.197563300Z  User 43: success.
2026-06-16T11:01:41.453441800Z  User 52: starting browser workflow.
2026-06-16T11:01:41.765765600Z  User 50: browser tab opened.
2026-06-16T11:01:42.196712600Z  User 44: success.
2026-06-16T11:01:42.331532900Z  User 48: login flow completed.
2026-06-16T11:01:42.437840900Z  User 51: browser tab opened.
2026-06-16T11:01:42.482927600Z  User 53: starting browser workflow.
2026-06-16T11:01:42.774629Z  User 52: browser tab opened.
2026-06-16T11:01:43.069541600Z  User 46: success.
2026-06-16T11:01:43.117596Z  User 49: login flow completed.
2026-06-16T11:01:43.139714700Z  User 3: success.
2026-06-16T11:01:43.324576200Z  User 54: starting browser workflow.
2026-06-16T11:01:43.351810700Z  User 45: success.
2026-06-16T11:01:43.405264Z  User 55: starting browser workflow.
2026-06-16T11:01:43.628900400Z  User 56: starting browser workflow.
2026-06-16T11:01:43.852786500Z  User 50: login flow completed.
2026-06-16T11:01:43.928988800Z  User 53: browser tab opened.
2026-06-16T11:01:44.288283500Z  User 51: login flow completed.
2026-06-16T11:01:44.768402Z  User 52: login flow completed.
2026-06-16T11:01:44.816188200Z  User 54: browser tab opened.
2026-06-16T11:01:44.875716700Z  User 55: browser tab opened.
2026-06-16T11:01:44.891781800Z  User 48: success.
2026-06-16T11:01:45.172650200Z  User 56: browser tab opened.
2026-06-16T11:01:45.232936Z  User 57: starting browser workflow.
2026-06-16T11:01:45.648503200Z  User 49: success.
2026-06-16T11:01:45.767463500Z  User 53: login flow completed.
2026-06-16T11:01:45.907387300Z  User 58: starting browser workflow.
2026-06-16T11:01:46.353013700Z  User 57: browser tab opened.
2026-06-16T11:01:46.393119400Z  User 50: success.
2026-06-16T11:01:46.529471700Z  User 54: login flow completed.
2026-06-16T11:01:46.630874Z  User 59: starting browser workflow.
2026-06-16T11:01:46.866809300Z  User 51: success.
2026-06-16T11:01:47.160796500Z  User 60: starting browser workflow.
2026-06-16T11:01:47.231830300Z  User 58: browser tab opened.
2026-06-16T11:01:47.278030600Z  User 56: login flow completed.
2026-06-16T11:01:47.344711Z  User 52: success.
2026-06-16T11:01:47.528666100Z  User 55: login flow completed.
2026-06-16T11:01:47.588605200Z  User 61: starting browser workflow.
2026-06-16T11:01:47.899215Z  User 59: browser tab opened.
2026-06-16T11:01:48.229026400Z  User 57: login flow completed.
2026-06-16T11:01:48.299192600Z  User 53: success.
2026-06-16T11:01:48.462809300Z  User 60: browser tab opened.
2026-06-16T11:01:48.724719Z  User 62: starting browser workflow.
2026-06-16T11:01:48.782778400Z  User 61: browser tab opened.
2026-06-16T11:01:49.060152400Z  User 54: success.
2026-06-16T11:01:49.245750200Z  User 58: login flow completed.
2026-06-16T11:01:49.316871200Z  User 63: starting browser workflow.
2026-06-16T11:01:49.838149400Z  User 56: success.
2026-06-16T11:01:49.851584700Z  User 59: login flow completed.
2026-06-16T11:01:49.871726500Z  User 62: browser tab opened.
2026-06-16T11:01:50.081755600Z  User 55: success.
2026-06-16T11:01:50.111541800Z  User 64: starting browser workflow.
2026-06-16T11:01:50.329859400Z  User 65: starting browser workflow.
2026-06-16T11:01:50.488110100Z  User 60: login flow completed.
2026-06-16T11:01:50.495753600Z  User 63: browser tab opened.
2026-06-16T11:01:50.758851700Z  User 57: success.
2026-06-16T11:01:51.002524400Z  User 66: starting browser workflow.
2026-06-16T11:01:51.328610200Z  User 61: login flow completed.
2026-06-16T11:01:51.370887700Z  User 64: browser tab opened.
2026-06-16T11:01:51.643049300Z  User 65: browser tab opened.
2026-06-16T11:01:51.757105800Z  User 58: success.
2026-06-16T11:01:51.917694500Z  User 62: login flow completed.
2026-06-16T11:01:51.991465600Z  User 67: starting browser workflow.
2026-06-16T11:01:52.263530100Z  User 66: browser tab opened.
2026-06-16T11:01:52.402101600Z  User 59: success.
2026-06-16T11:01:52.619995100Z  User 68: starting browser workflow.
2026-06-16T11:01:52.747012900Z  User 63: login flow completed.
2026-06-16T11:01:52.991781900Z  User 60: success.
2026-06-16T11:01:53.262929100Z  User 67: browser tab opened.
2026-06-16T11:01:53.268416300Z  User 69: starting browser workflow.
2026-06-16T11:01:53.396679500Z  User 65: login flow completed.
2026-06-16T11:01:53.567765700Z  User 64: login flow completed.
2026-06-16T11:01:53.853014300Z  User 61: success.
2026-06-16T11:01:53.902939500Z  User 68: browser tab opened.
2026-06-16T11:01:54.086030300Z  User 66: login flow completed.
2026-06-16T11:01:54.126888100Z  User 70: starting browser workflow.
2026-06-16T11:01:54.382639200Z  User 69: browser tab opened.
2026-06-16T11:01:54.467068300Z  User 62: success.
2026-06-16T11:01:54.718281600Z  User 71: starting browser workflow.
2026-06-16T11:01:55.261121200Z  User 70: browser tab opened.
2026-06-16T11:01:55.297813500Z  User 63: success.
2026-06-16T11:01:55.582155600Z  User 72: starting browser workflow.
2026-06-16T11:01:55.846810600Z  User 67: login flow completed.
2026-06-16T11:01:55.915352100Z  User 65: success.
2026-06-16T11:01:56.005857900Z  User 71: browser tab opened.
2026-06-16T11:01:56.051114300Z  User 68: login flow completed.
2026-06-16T11:01:56.098775300Z  User 64: success.
2026-06-16T11:01:56.175361400Z  User 69: login flow completed.
2026-06-16T11:01:56.216904Z  User 73: starting browser workflow.
2026-06-16T11:01:56.330162900Z  User 74: starting browser workflow.
2026-06-16T11:01:56.609038800Z  User 66: success.
2026-06-16T11:01:56.764830800Z  User 72: browser tab opened.
2026-06-16T11:01:56.952238300Z  User 75: starting browser workflow.
2026-06-16T11:01:57.474849500Z  User 70: login flow completed.
2026-06-16T11:01:57.567659Z  User 73: browser tab opened.
2026-06-16T11:01:57.737139500Z  User 74: browser tab opened.
2026-06-16T11:01:58.090286300Z  User 71: login flow completed.
2026-06-16T11:01:58.312566Z  User 75: browser tab opened.
2026-06-16T11:01:58.377725600Z  User 67: success.
2026-06-16T11:01:58.575644200Z  User 72: login flow completed.
2026-06-16T11:01:58.591706500Z  User 68: success.
2026-06-16T11:01:58.629197100Z  User 76: starting browser workflow.
2026-06-16T11:01:58.752658400Z  User 69: success.
2026-06-16T11:01:58.846918100Z  User 77: starting browser workflow.
2026-06-16T11:01:59.012346500Z  User 78: starting browser workflow.
2026-06-16T11:01:59.526785800Z  User 74: login flow completed.
2026-06-16T11:01:59.792272800Z  User 73: login flow completed.
2026-06-16T11:01:59.878676100Z  User 76: browser tab opened.
2026-06-16T11:02:00.041700500Z  User 70: success.
2026-06-16T11:02:00.213757100Z  User 75: login flow completed.
2026-06-16T11:02:00.213757100Z  User 77: browser tab opened.
2026-06-16T11:02:00.357118Z  User 78: browser tab opened.
2026-06-16T11:02:00.628823300Z  User 71: success.
2026-06-16T11:02:00.643262800Z  User 79: starting browser workflow.
2026-06-16T11:02:00.923997400Z  User 80: starting browser workflow.
2026-06-16T11:02:01.089852600Z  User 72: success.
2026-06-16T11:02:01.322513600Z  User 81: starting browser workflow.
2026-06-16T11:02:01.710283300Z  User 77: login flow completed.
2026-06-16T11:02:01.918246300Z  User 79: browser tab opened.
2026-06-16T11:02:02.044663100Z  User 74: success.
2026-06-16T11:02:02.276891Z  User 80: browser tab opened.
2026-06-16T11:02:02.301652900Z  User 76: login flow completed.
2026-06-16T11:02:02.354998800Z  User 73: success.
2026-06-16T11:02:02.394681Z  User 78: login flow completed.
2026-06-16T11:02:02.437886500Z  User 82: starting browser workflow.
2026-06-16T11:02:02.637966700Z  User 81: browser tab opened.
2026-06-16T11:02:02.677883100Z  User 83: starting browser workflow.
2026-06-16T11:02:02.773880900Z  User 75: success.
2026-06-16T11:02:03.090283700Z  User 84: starting browser workflow.
2026-06-16T11:02:03.783843700Z  User 82: browser tab opened.
2026-06-16T11:02:03.965689400Z  User 79: login flow completed.
2026-06-16T11:02:04.039087500Z  User 83: browser tab opened.
2026-06-16T11:02:04.249784400Z  User 77: success.
2026-06-16T11:02:04.343388900Z  User 80: login flow completed.
2026-06-16T11:02:04.575460600Z  User 84: browser tab opened.
2026-06-16T11:02:04.706353600Z  User 81: login flow completed.
2026-06-16T11:02:04.857205900Z  User 76: success.
2026-06-16T11:02:04.916949700Z  User 85: starting browser workflow.
2026-06-16T11:02:04.959119500Z  User 78: success.
2026-06-16T11:02:05.178851400Z  User 86: starting browser workflow.
2026-06-16T11:02:05.195798700Z  User 87: starting browser workflow.
2026-06-16T11:02:05.872890700Z  User 83: login flow completed.
2026-06-16T11:02:05.936482Z  User 82: login flow completed.
2026-06-16T11:02:06.063831300Z  User 85: browser tab opened.
2026-06-16T11:02:06.369158100Z  User 86: browser tab opened.
2026-06-16T11:02:06.429735400Z  User 87: browser tab opened.
2026-06-16T11:02:06.543266Z  User 79: success.
2026-06-16T11:02:06.698234Z  User 84: login flow completed.
2026-06-16T11:02:06.837014100Z  User 88: starting browser workflow.
2026-06-16T11:02:06.873086800Z  User 80: success.
2026-06-16T11:02:07.098785Z  User 89: starting browser workflow.
2026-06-16T11:02:07.221554600Z  User 81: success.
2026-06-16T11:02:07.482100100Z  User 90: starting browser workflow.
2026-06-16T11:02:07.833928200Z  User 85: login flow completed.
2026-06-16T11:02:08.116760400Z  User 86: login flow completed.
2026-06-16T11:02:08.132852700Z  User 88: browser tab opened.
2026-06-16T11:02:08.338277100Z  User 89: browser tab opened.
2026-06-16T11:02:08.382163500Z  User 87: login flow completed.
2026-06-16T11:02:08.434097300Z  User 83: success.
2026-06-16T11:02:08.473183200Z  User 82: success.
2026-06-16T11:02:08.716847800Z  User 90: browser tab opened.
2026-06-16T11:02:08.740222600Z  User 91: starting browser workflow.
2026-06-16T11:02:08.746756300Z  User 92: starting browser workflow.
2026-06-16T11:02:09.234806400Z  User 84: success.
2026-06-16T11:02:09.532363400Z  User 93: starting browser workflow.
2026-06-16T11:02:10.029733600Z  User 88: login flow completed.
2026-06-16T11:02:10.091912400Z  User 91: browser tab opened.
2026-06-16T11:02:10.153484200Z  User 92: browser tab opened.
2026-06-16T11:02:10.216842400Z  User 89: login flow completed.
2026-06-16T11:02:10.328862500Z  User 85: success.
2026-06-16T11:02:10.613232200Z  User 94: starting browser workflow.
2026-06-16T11:02:10.640377700Z  User 86: success.
2026-06-16T11:02:10.935632Z  User 87: success.
2026-06-16T11:02:10.959521200Z  User 90: login flow completed.
2026-06-16T11:02:11.000441900Z  User 95: starting browser workflow.
2026-06-16T11:02:11.015093600Z  User 93: browser tab opened.
2026-06-16T11:02:11.296350100Z  User 96: starting browser workflow.
2026-06-16T11:02:11.873549200Z  User 91: login flow completed.
2026-06-16T11:02:11.970682700Z  User 92: login flow completed.
2026-06-16T11:02:12.020854300Z  User 94: browser tab opened.
2026-06-16T11:02:12.063958500Z  User 47: login flow completed.
2026-06-16T11:02:12.339248800Z  User 95: browser tab opened.
2026-06-16T11:02:12.572731800Z  User 88: success.
2026-06-16T11:02:12.646076600Z  User 96: browser tab opened.
2026-06-16T11:02:12.757186600Z  User 89: success.
2026-06-16T11:02:12.982354400Z  User 93: login flow completed.
2026-06-16T11:02:13.044015Z  User 97: starting browser workflow.
2026-06-16T11:02:13.062348900Z  User 98: starting browser workflow.
2026-06-16T11:02:13.500278800Z  User 90: success.
2026-06-16T11:02:13.766951900Z  User 99: starting browser workflow.
2026-06-16T11:02:14.060635300Z  User 94: login flow completed.
2026-06-16T11:02:14.248429400Z  User 96: login flow completed.
2026-06-16T11:02:14.288618500Z  User 97: browser tab opened.
2026-06-16T11:02:14.312118700Z  User 95: login flow completed.
2026-06-16T11:02:14.373546900Z  User 98: browser tab opened.
2026-06-16T11:02:14.467899400Z  User 91: success.
2026-06-16T11:02:14.523507500Z  User 92: success.
2026-06-16T11:02:14.615341Z  User 47: success.
2026-06-16T11:02:14.752190Z  User 100: starting browser workflow.
2026-06-16T11:02:15.167162700Z  User 99: browser tab opened.
2026-06-16T11:02:15.550961200Z  User 93: success.
2026-06-16T11:02:16.084133300Z  User 100: browser tab opened.
2026-06-16T11:02:16.086248300Z  User 97: login flow completed.
2026-06-16T11:02:16.673987400Z  User 94: success.
2026-06-16T11:02:16.865699300Z  User 98: login flow completed.
2026-06-16T11:02:16.928310100Z  User 96: success.
2026-06-16T11:02:16.932305Z  User 95: success.
2026-06-16T11:02:17.877103700Z  User 99: login flow completed.
2026-06-16T11:02:18.033241500Z  User 100: login flow completed.
2026-06-16T11:02:18.600398200Z  User 97: success.
2026-06-16T11:02:19.408191200Z  User 98: success.
2026-06-16T11:02:20.383457800Z  User 99: success.
2026-06-16T11:02:20.546963500Z  User 100: success.
2026-06-16T11:02:20.779502700Z  Browser execution completed successfully.