2026-06-17T03:59:29.091679300Z  User 43: starting browser workflow.
2026-06-17T03:59:29.346705400Z  User 37: login flow completed.
2026-06-17T03:59:29.612444600Z  User 39: login flow completed.
2026-06-17T03:59:29.818010Z  User 38: login flow completed.
2026-06-17T03:59:29.883263100Z  User 43: browser tab opened.
2026-06-17T03:59:30.227420300Z  User 41: login flow completed.
2026-06-17T03:59:30.351983300Z  User 40: login flow completed.
2026-06-17T03:59:30.555011100Z  User 42: login flow completed.
2026-06-17T03:59:30.963697600Z  User 36: success.
2026-06-17T03:59:31.119979300Z  User 44: starting browser workflow.
2026-06-17T03:59:31.333514200Z  User 43: login flow completed.
2026-06-17T03:59:31.699207700Z  User 44: browser tab opened.
2026-06-17T03:59:31.838894800Z  User 37: success.
2026-06-17T03:59:32.007479700Z  User 45: starting browser workflow.
2026-06-17T03:59:32.069769100Z  User 39: success.
2026-06-17T03:59:32.234461200Z  User 46: starting browser workflow.
2026-06-17T03:59:32.283272700Z  User 38: success.
2026-06-17T03:59:32.453747400Z  User 47: starting browser workflow.
2026-06-17T03:59:32.709609100Z  User 41: success.
2026-06-17T03:59:32.731464400Z  User 45: browser tab opened.
2026-06-17T03:59:32.820974400Z  User 40: success.
2026-06-17T03:59:32.903852200Z  User 48: starting browser workflow.
2026-06-17T03:59:33.033605800Z  User 42: success.
2026-06-17T03:59:33.069611400Z  User 46: browser tab opened.
2026-06-17T03:59:33.078314800Z  User 49: starting browser workflow.
2026-06-17T03:59:33.291088700Z  User 50: starting browser workflow.
2026-06-17T03:59:33.318867900Z  User 44: login flow completed.
2026-06-17T03:59:33.348434800Z  User 47: browser tab opened.
2026-06-17T03:59:33.805707900Z  User 48: browser tab opened.
2026-06-17T03:59:33.810210700Z  User 43: success.
2026-06-17T03:59:33.990884600Z  User 51: starting browser workflow.
2026-06-17T03:59:34.006238300Z  User 49: browser tab opened.
2026-06-17T03:59:34.275766700Z  User 45: login flow completed.
2026-06-17T03:59:34.294795400Z  User 50: browser tab opened.
2026-06-17T03:59:34.554270400Z  User 46: login flow completed.
2026-06-17T03:59:34.837921Z  User 51: browser tab opened.
2026-06-17T03:59:34.907525700Z  User 47: login flow completed.
2026-06-17T03:59:35.622368400Z  User 48: login flow completed.
2026-06-17T03:59:35.653124800Z  User 49: login flow completed.
2026-06-17T03:59:35.785327Z  User 44: success.
2026-06-17T03:59:35.904689100Z  User 50: login flow completed.
2026-06-17T03:59:35.930613700Z  User 52: starting browser workflow.
2026-06-17T03:59:36.342170300Z  User 51: login flow completed.
2026-06-17T03:59:36.502547900Z  User 52: browser tab opened.
2026-06-17T03:59:36.755025900Z  User 45: success.
2026-06-17T03:59:36.952466300Z  User 53: starting browser workflow.
2026-06-17T03:59:37.001323500Z  User 46: success.
2026-06-17T03:59:37.174987500Z  User 54: starting browser workflow.
2026-06-17T03:59:37.388081900Z  User 47: success.
2026-06-17T03:59:37.647741400Z  User 55: starting browser workflow.
2026-06-17T03:59:37.702032900Z  User 53: browser tab opened.
2026-06-17T03:59:37.992344700Z  User 54: browser tab opened.
2026-06-17T03:59:38.024752500Z  User 52: login flow completed.
2026-06-17T03:59:38.073093200Z  User 48: success.
2026-06-17T03:59:38.090829300Z  User 49: success.
2026-06-17T03:59:38.278665400Z  User 56: starting browser workflow.
2026-06-17T03:59:38.310080300Z  User 57: starting browser workflow.
2026-06-17T03:59:38.362550Z  User 50: success.
2026-06-17T03:59:38.397032500Z  User 55: browser tab opened.
2026-06-17T03:59:38.533120600Z  User 58: starting browser workflow.
2026-06-17T03:59:38.830438900Z  User 51: success.
2026-06-17T03:59:39.083313400Z  User 59: starting browser workflow.
2026-06-17T03:59:39.222161700Z  User 56: browser tab opened.
2026-06-17T03:59:39.252961400Z  User 57: browser tab opened.
2026-06-17T03:59:39.304991Z  User 53: login flow completed.
2026-06-17T03:59:39.538721Z  User 54: login flow completed.
2026-06-17T03:59:39.571122600Z  User 58: browser tab opened.
2026-06-17T03:59:39.958751600Z  User 55: login flow completed.
2026-06-17T03:59:39.966754100Z  User 59: browser tab opened.
2026-06-17T03:59:40.471452400Z  User 52: success.
2026-06-17T03:59:40.646636300Z  User 60: starting browser workflow.
2026-06-17T03:59:40.723138500Z  User 56: login flow completed.
2026-06-17T03:59:40.846174300Z  User 57: login flow completed.
2026-06-17T03:59:41.220431800Z  User 58: login flow completed.
2026-06-17T03:59:41.345011300Z  User 60: browser tab opened.
2026-06-17T03:59:41.409503Z  User 59: login flow completed.
2026-06-17T03:59:41.773494100Z  User 53: success.
2026-06-17T03:59:41.912915600Z  User 61: starting browser workflow.
2026-06-17T03:59:41.992301600Z  User 54: success.
2026-06-17T03:59:42.241309300Z  User 62: starting browser workflow.
2026-06-17T03:59:42.440782500Z  User 55: success.
2026-06-17T03:59:42.616078700Z  User 63: starting browser workflow.
2026-06-17T03:59:42.634701600Z  User 61: browser tab opened.
2026-06-17T03:59:42.796693400Z  User 60: login flow completed.
2026-06-17T03:59:42.984069400Z  User 62: browser tab opened.
2026-06-17T03:59:43.200439600Z  User 56: success.
2026-06-17T03:59:43.297725Z  User 63: browser tab opened.
2026-06-17T03:59:43.361234300Z  User 57: success.
2026-06-17T03:59:43.469934300Z  User 64: starting browser workflow.
2026-06-17T03:59:43.577849500Z  User 65: starting browser workflow.
2026-06-17T03:59:43.757088600Z  User 58: success.
2026-06-17T03:59:43.992194Z  User 59: success.
2026-06-17T03:59:44.182993500Z  User 66: starting browser workflow.
2026-06-17T03:59:44.197741Z  User 67: starting browser workflow.
2026-06-17T03:59:44.268406700Z  User 61: login flow completed.
2026-06-17T03:59:44.457187200Z  User 64: browser tab opened.
2026-06-17T03:59:44.596499600Z  User 65: browser tab opened.
2026-06-17T03:59:44.686902300Z  User 62: login flow completed.
2026-06-17T03:59:44.887867500Z  User 63: login flow completed.
2026-06-17T03:59:45.117856300Z  User 67: browser tab opened.
2026-06-17T03:59:45.118995600Z  User 66: browser tab opened.
2026-06-17T03:59:45.251212300Z  User 60: success.
2026-06-17T03:59:45.398Z  User 68: starting browser workflow.
2026-06-17T03:59:46.147194300Z  User 68: browser tab opened.
2026-06-17T03:59:46.191240900Z  User 65: login flow completed.
2026-06-17T03:59:46.238472500Z  User 64: login flow completed.
2026-06-17T03:59:46.745819600Z  User 61: success.
2026-06-17T03:59:46.829302900Z  User 66: login flow completed.
2026-06-17T03:59:46.844440800Z  User 67: login flow completed.
2026-06-17T03:59:46.884954200Z  User 69: starting browser workflow.
2026-06-17T03:59:47.180198400Z  User 62: success.
2026-06-17T03:59:47.349827700Z  User 63: success.
2026-06-17T03:59:47.357835400Z  User 70: starting browser workflow.
2026-06-17T03:59:47.518869100Z  User 71: starting browser workflow.
2026-06-17T03:59:47.611791400Z  User 69: browser tab opened.
2026-06-17T03:59:47.657430200Z  User 68: login flow completed.
2026-06-17T03:59:48.106908100Z  User 70: browser tab opened.
2026-06-17T03:59:48.224925100Z  User 71: browser tab opened.
2026-06-17T03:59:48.668195600Z  User 65: success.
2026-06-17T03:59:48.703196300Z  User 64: success.
2026-06-17T03:59:48.876279700Z  User 72: starting browser workflow.
2026-06-17T03:59:48.885276600Z  User 73: starting browser workflow.
2026-06-17T03:59:49.312306600Z  User 69: login flow completed.
2026-06-17T03:59:49.332777800Z  User 67: success.
2026-06-17T03:59:49.332777800Z  User 66: success.
2026-06-17T03:59:49.526121400Z  User 74: starting browser workflow.
2026-06-17T03:59:49.551825800Z  User 75: starting browser workflow.
2026-06-17T03:59:49.700786700Z  User 70: login flow completed.
2026-06-17T03:59:49.763318Z  User 71: login flow completed.
2026-06-17T03:59:49.816822600Z  User 72: browser tab opened.
2026-06-17T03:59:49.892374600Z  User 73: browser tab opened.
2026-06-17T03:59:50.153398600Z  User 68: success.
2026-06-17T03:59:50.347400800Z  User 76: starting browser workflow.
2026-06-17T03:59:50.547966800Z  User 74: browser tab opened.
2026-06-17T03:59:50.550958600Z  User 75: browser tab opened.
2026-06-17T03:59:51.314204500Z  User 76: browser tab opened.
2026-06-17T03:59:51.522313600Z  User 72: login flow completed.
2026-06-17T03:59:51.567866500Z  User 73: login flow completed.
2026-06-17T03:59:51.793421300Z  User 69: success.
2026-06-17T03:59:51.967522900Z  User 77: starting browser workflow.
2026-06-17T03:59:52.131134800Z  User 74: login flow completed.
2026-06-17T03:59:52.172654200Z  User 75: login flow completed.
2026-06-17T03:59:52.206796900Z  User 70: success.
2026-06-17T03:59:52.255317Z  User 71: success.
2026-06-17T03:59:52.360850300Z  User 78: starting browser workflow.
2026-06-17T03:59:52.413847900Z  User 79: starting browser workflow.
2026-06-17T03:59:52.846002300Z  User 76: login flow completed.
2026-06-17T03:59:52.850001400Z  User 77: browser tab opened.
2026-06-17T03:59:53.229942200Z  User 78: browser tab opened.
2026-06-17T03:59:53.248463Z  User 79: browser tab opened.
2026-06-17T03:59:54.080318500Z  User 72: success.
2026-06-17T03:59:54.099319Z  User 73: success.
2026-06-17T03:59:54.316122Z  User 81: starting browser workflow.
2026-06-17T03:59:54.316122Z  User 80: starting browser workflow.
2026-06-17T03:59:54.446530300Z  User 77: login flow completed.
2026-06-17T03:59:54.629142500Z  User 74: success.
2026-06-17T03:59:54.650045600Z  User 78: login flow completed.
2026-06-17T03:59:54.663629300Z  User 75: success.
2026-06-17T03:59:54.791196100Z  User 79: login flow completed.
2026-06-17T03:59:54.819372600Z  User 82: starting browser workflow.
2026-06-17T03:59:54.827372700Z  User 83: starting browser workflow.
2026-06-17T03:59:55.078597100Z  User 81: browser tab opened.
2026-06-17T03:59:55.080000300Z  User 80: browser tab opened.
2026-06-17T03:59:55.336652900Z  User 76: success.
2026-06-17T03:59:55.543164300Z  User 84: starting browser workflow.
2026-06-17T03:59:55.694890600Z  User 83: browser tab opened.
2026-06-17T03:59:55.722743700Z  User 82: browser tab opened.
2026-06-17T03:59:56.467867700Z  User 84: browser tab opened.
2026-06-17T03:59:56.705591200Z  User 81: login flow completed.
2026-06-17T03:59:56.753165700Z  User 80: login flow completed.
2026-06-17T03:59:56.920804700Z  User 77: success.
2026-06-17T03:59:57.077133500Z  User 85: starting browser workflow.
2026-06-17T03:59:57.117093600Z  User 78: success.
2026-06-17T03:59:57.261398200Z  User 86: starting browser workflow.
2026-06-17T03:59:57.266398700Z  User 83: login flow completed.
2026-06-17T03:59:57.266398700Z  User 79: success.
2026-06-17T03:59:57.298246400Z  User 82: login flow completed.
2026-06-17T03:59:57.426473700Z  User 87: starting browser workflow.
2026-06-17T03:59:57.882354800Z  User 85: browser tab opened.
2026-06-17T03:59:58.015534700Z  User 84: login flow completed.
2026-06-17T03:59:58.088919300Z  User 86: browser tab opened.
2026-06-17T03:59:58.239535300Z  User 87: browser tab opened.
2026-06-17T03:59:59.189367Z  User 81: success.
2026-06-17T03:59:59.225615Z  User 80: success.
2026-06-17T03:59:59.345495900Z  User 88: starting browser workflow.
2026-06-17T03:59:59.391013800Z  User 89: starting browser workflow.
2026-06-17T03:59:59.417013Z  User 85: login flow completed.
2026-06-17T03:59:59.754863900Z  User 83: success.
2026-06-17T03:59:59.764911600Z  User 82: success.
2026-06-17T03:59:59.794013Z  User 87: login flow completed.
2026-06-17T03:59:59.947791300Z  User 90: starting browser workflow.
2026-06-17T03:59:59.950690900Z  User 86: login flow completed.
2026-06-17T03:59:59.952297Z  User 91: starting browser workflow.
2026-06-17T04:00:00.092322800Z  User 88: browser tab opened.
2026-06-17T04:00:00.171631100Z  User 89: browser tab opened.
2026-06-17T04:00:00.517683600Z  User 84: success.
2026-06-17T04:00:00.763439100Z  User 92: starting browser workflow.
2026-06-17T04:00:00.800439600Z  User 90: browser tab opened.
2026-06-17T04:00:00.805776600Z  User 91: browser tab opened.
2026-06-17T04:00:01.590486200Z  User 92: browser tab opened.
2026-06-17T04:00:01.717366400Z  User 89: login flow completed.
2026-06-17T04:00:01.928644500Z  User 85: success.
2026-06-17T04:00:02.033173600Z  User 88: login flow completed.
2026-06-17T04:00:02.077196800Z  User 93: starting browser workflow.
2026-06-17T04:00:02.250338600Z  User 90: login flow completed.
2026-06-17T04:00:02.279368Z  User 87: success.
2026-06-17T04:00:02.425056600Z  User 86: success.
2026-06-17T04:00:02.438059100Z  User 91: login flow completed.
2026-06-17T04:00:02.466702300Z  User 94: starting browser workflow.
2026-06-17T04:00:02.614663800Z  User 95: starting browser workflow.
2026-06-17T04:00:02.863005400Z  User 93: browser tab opened.
2026-06-17T04:00:03.062840Z  User 92: login flow completed.
2026-06-17T04:00:03.262120400Z  User 94: browser tab opened.
2026-06-17T04:00:03.387322200Z  User 95: browser tab opened.
2026-06-17T04:00:04.204236900Z  User 89: success.
2026-06-17T04:00:04.366957Z  User 96: starting browser workflow.
2026-06-17T04:00:04.531451500Z  User 93: login flow completed.
2026-06-17T04:00:04.539436500Z  User 88: success.
2026-06-17T04:00:04.706419200Z  User 90: success.
2026-06-17T04:00:04.709450900Z  User 97: starting browser workflow.
2026-06-17T04:00:04.763980500Z  User 94: login flow completed.
2026-06-17T04:00:04.885212200Z  User 98: starting browser workflow.
2026-06-17T04:00:04.920316900Z  User 91: success.
2026-06-17T04:00:05.060816600Z  User 95: login flow completed.
2026-06-17T04:00:05.089338600Z  User 99: starting browser workflow.
2026-06-17T04:00:05.123336300Z  User 96: browser tab opened.
2026-06-17T04:00:05.544851800Z  User 92: success.
2026-06-17T04:00:05.577654300Z  User 97: browser tab opened.
2026-06-17T04:00:05.773694600Z  User 98: browser tab opened.
2026-06-17T04:00:05.832911200Z  User 100: starting browser workflow.
2026-06-17T04:00:06.007198600Z  User 99: browser tab opened.
2026-06-17T04:00:06.651675800Z  User 100: browser tab opened.
2026-06-17T04:00:06.836419100Z  User 96: login flow completed.
2026-06-17T04:00:07.040522Z  User 93: success.
2026-06-17T04:00:07.218468300Z  User 94: success.
2026-06-17T04:00:07.354899100Z  User 98: login flow completed.
2026-06-17T04:00:07.370495100Z  User 97: login flow completed.
2026-06-17T04:00:07.558967400Z  User 95: success.
2026-06-17T04:00:07.729869300Z  User 99: login flow completed.
2026-06-17T04:00:08.169638400Z  User 100: login flow completed.
2026-06-17T04:00:09.318397700Z  User 96: success.
2026-06-17T04:00:09.860069100Z  User 98: success.
2026-06-17T04:00:09.868022400Z  User 97: success.
2026-06-17T04:00:10.247930600Z  User 99: success.
2026-06-17T04:00:10.628286100Z  User 100: success.
2026-06-17T04:00:26.784038200Z  User 10: login flow completed.
2026-06-17T04:00:29.291123500Z  User 10: success.
2026-06-17T04:00:57.001134Z  User 1: login flow completed.
2026-06-17T04:00:59.536308300Z  User 1: success.
2026-06-17T04:00:59.700052400Z  Browser execution completed with 3 failed users.