2026-06-16T11:13:54.426381800Z  User 41: success.
2026-06-16T11:13:54.814285900Z  User 43: starting browser workflow.
2026-06-16T11:13:55.161153400Z  User 42: login flow completed.
2026-06-16T11:13:55.207504400Z  User 27: login flow completed.
2026-06-16T11:13:56.545061200Z  User 43: browser tab opened.
2026-06-16T11:13:57.741386500Z  User 42: success.
2026-06-16T11:13:57.807260Z  User 27: success.
2026-06-16T11:13:58.154760300Z  User 44: starting browser workflow.
2026-06-16T11:13:58.177970200Z  User 45: starting browser workflow.
2026-06-16T11:13:58.534820700Z  User 43: login flow completed.
2026-06-16T11:13:59.851818800Z  User 44: browser tab opened.
2026-06-16T11:14:00.000890900Z  User 45: browser tab opened.
2026-06-16T11:14:01.248649900Z  User 43: success.
2026-06-16T11:14:01.666612400Z  User 46: starting browser workflow.
2026-06-16T11:14:02.229630500Z  User 15: login flow completed.
2026-06-16T11:14:03.207491100Z  User 46: browser tab opened.
2026-06-16T11:14:03.811897900Z  User 32: failure - Error { message='Timeout 30000ms exceeded. name='TimeoutError stack='TimeoutError: Timeout 30000ms exceeded. at ProgressController.run (C:\Users\mabis\AppData\Local\Temp\playwright-java-1943061554134820070\package\lib...
2026-06-16T11:14:04.331209500Z  User 47: starting browser workflow.
2026-06-16T11:14:04.935842500Z  User 15: success.
2026-06-16T11:14:05.487097200Z  User 48: starting browser workflow.
2026-06-16T11:14:05.925079900Z  User 33: failure - Error { message='Timeout 30000ms exceeded. name='TimeoutError stack='TimeoutError: Timeout 30000ms exceeded. at ProgressController.run (C:\Users\mabis\AppData\Local\Temp\playwright-java-1943061554134820070\package\lib...
2026-06-16T11:14:05.929076400Z  User 46: login flow completed.
2026-06-16T11:14:06.403356600Z  User 47: browser tab opened.
2026-06-16T11:14:06.675253Z  User 49: starting browser workflow.
2026-06-16T11:14:07.647320600Z  User 48: browser tab opened.
2026-06-16T11:14:08.579339900Z  User 46: success.
2026-06-16T11:14:08.715265600Z  User 35: login flow completed.
2026-06-16T11:14:08.778171500Z  User 49: browser tab opened.
2026-06-16T11:14:09.263178900Z  User 50: starting browser workflow.
2026-06-16T11:14:09.848491700Z  User 48: login flow completed.
2026-06-16T11:14:11.258450900Z  User 49: login flow completed.
2026-06-16T11:14:11.344201900Z  User 35: success.
2026-06-16T11:14:11.433439200Z  User 50: browser tab opened.
2026-06-16T11:14:11.856881200Z  User 51: starting browser workflow.
2026-06-16T11:14:12.528168200Z  User 48: success.
2026-06-16T11:14:12.951641200Z  User 52: starting browser workflow.
2026-06-16T11:14:13.446010300Z  User 50: login flow completed.
2026-06-16T11:14:13.913314300Z  User 49: success.
2026-06-16T11:14:14.017057500Z  User 51: browser tab opened.
2026-06-16T11:14:14.413294200Z  User 53: starting browser workflow.
2026-06-16T11:14:15.469590200Z  User 52: browser tab opened.
2026-06-16T11:14:15.739309100Z  User 39: login flow completed.
2026-06-16T11:14:15.896814900Z  User 51: login flow completed.
2026-06-16T11:14:16.098399500Z  User 50: success.
2026-06-16T11:14:16.685412600Z  User 54: starting browser workflow.
2026-06-16T11:14:16.813329600Z  User 53: browser tab opened.
2026-06-16T11:14:18.143200600Z  User 52: login flow completed.
2026-06-16T11:14:18.431249500Z  User 39: success.
2026-06-16T11:14:18.536397800Z  User 51: success.
2026-06-16T11:14:18.801723200Z  User 53: login flow completed.
2026-06-16T11:14:18.904415200Z  User 55: starting browser workflow.
2026-06-16T11:14:18.956179600Z  User 56: starting browser workflow.
2026-06-16T11:14:19.097814800Z  User 54: browser tab opened.
2026-06-16T11:14:20.987978900Z  User 52: success.
2026-06-16T11:14:21.251679600Z  User 55: browser tab opened.
2026-06-16T11:14:21.336192500Z  User 56: browser tab opened.
2026-06-16T11:14:21.496190300Z  User 53: success.
2026-06-16T11:14:22.710407900Z  User 57: starting browser workflow.
2026-06-16T11:14:23.038626300Z  User 58: starting browser workflow.
2026-06-16T11:14:23.093592800Z  User 56: login flow completed.
2026-06-16T11:14:25.038483400Z  User 57: browser tab opened.
2026-06-16T11:14:25.155506600Z  User 58: browser tab opened.
2026-06-16T11:14:25.681515400Z  User 56: success.
2026-06-16T11:14:26.397451Z  User 59: starting browser workflow.
2026-06-16T11:14:28.460096700Z  User 59: browser tab opened.
2026-06-16T11:14:30.426071300Z  User 59: login flow completed.
2026-06-16T11:14:31.833984900Z  User 44: login flow completed.
2026-06-16T11:14:32.122471500Z  User 45: login flow completed.
2026-06-16T11:14:32.975335500Z  User 59: success.
2026-06-16T11:14:33.311809Z  User 60: starting browser workflow.
2026-06-16T11:14:34.376853Z  User 44: success.
2026-06-16T11:14:34.769452Z  User 61: starting browser workflow.
2026-06-16T11:14:34.791817400Z  User 45: success.
2026-06-16T11:14:35.137687200Z  User 60: browser tab opened.
2026-06-16T11:14:35.846926600Z  User 62: starting browser workflow.
2026-06-16T11:14:37.419870Z  User 61: browser tab opened.
2026-06-16T11:14:38.471693100Z  User 62: browser tab opened.
2026-06-16T11:14:38.594250400Z  User 47: login flow completed.
2026-06-16T11:14:39.497815100Z  User 61: login flow completed.
2026-06-16T11:14:40.613556800Z  User 62: login flow completed.
2026-06-16T11:14:41.335530100Z  User 47: success.
2026-06-16T11:14:41.785818500Z  User 63: starting browser workflow.
2026-06-16T11:14:42.254405400Z  User 61: success.
2026-06-16T11:14:42.668683700Z  User 64: starting browser workflow.
2026-06-16T11:14:43.348985400Z  User 62: success.
2026-06-16T11:14:43.831504200Z  User 65: starting browser workflow.
2026-06-16T11:14:43.962750400Z  User 63: browser tab opened.
2026-06-16T11:14:45.000587300Z  User 64: browser tab opened.
2026-06-16T11:14:46.120015300Z  User 63: login flow completed.
2026-06-16T11:14:46.339342600Z  User 65: browser tab opened.
2026-06-16T11:14:48.158719100Z  User 65: login flow completed.
2026-06-16T11:14:48.740064600Z  User 63: success.
2026-06-16T11:14:49.434895700Z  User 66: starting browser workflow.
2026-06-16T11:14:50.972317200Z  User 65: success.
2026-06-16T11:14:51.972462300Z  User 54: login flow completed.
2026-06-16T11:14:52.007737Z  User 66: browser tab opened.
2026-06-16T11:14:52.361410200Z  User 67: starting browser workflow.
2026-06-16T11:14:53.203782700Z  User 55: login flow completed.
2026-06-16T11:14:53.888547800Z  User 66: login flow completed.
2026-06-16T11:14:54.441599Z  User 67: browser tab opened.
2026-06-16T11:14:54.587652700Z  User 54: success.
2026-06-16T11:14:54.992636400Z  User 68: starting browser workflow.
2026-06-16T11:14:55.841647Z  User 55: success.
2026-06-16T11:14:56.412212800Z  User 69: starting browser workflow.
2026-06-16T11:14:56.523784300Z  User 66: success.
2026-06-16T11:14:56.888941300Z  User 25: login flow completed.
2026-06-16T11:14:57.019991800Z  User 70: starting browser workflow.
2026-06-16T11:14:57.250170900Z  User 68: browser tab opened.
2026-06-16T11:14:58.359707900Z  User 57: login flow completed.
2026-06-16T11:14:58.636836400Z  User 69: browser tab opened.
2026-06-16T11:14:59.316722800Z  User 70: browser tab opened.
2026-06-16T11:14:59.381653700Z  User 68: login flow completed.
2026-06-16T11:14:59.529839Z  User 25: success.
2026-06-16T11:14:59.898798200Z  User 71: starting browser workflow.
2026-06-16T11:15:01.030512400Z  User 57: success.
2026-06-16T11:15:01.616808600Z  User 72: starting browser workflow.
2026-06-16T11:15:01.709550300Z  User 69: login flow completed.
2026-06-16T11:15:01.959602700Z  User 70: login flow completed.
2026-06-16T11:15:02.077762800Z  User 68: success.
2026-06-16T11:15:02.363851900Z  User 71: browser tab opened.
2026-06-16T11:15:02.712426700Z  User 73: starting browser workflow.
2026-06-16T11:15:03.972259200Z  User 72: browser tab opened.
2026-06-16T11:15:04.384723700Z  User 69: success.
2026-06-16T11:15:04.657477200Z  User 70: success.
2026-06-16T11:15:04.717913400Z  User 30: login flow completed.
2026-06-16T11:15:04.779591700Z  User 71: login flow completed.
2026-06-16T11:15:05.121723Z  User 74: starting browser workflow.
2026-06-16T11:15:05.220287800Z  User 75: starting browser workflow.
2026-06-16T11:15:05.274017900Z  User 73: browser tab opened.
2026-06-16T11:15:07.420280100Z  User 30: success.
2026-06-16T11:15:07.479850700Z  User 71: success.
2026-06-16T11:15:07.715078300Z  User 75: browser tab opened.
2026-06-16T11:15:07.977949400Z  User 74: browser tab opened.
2026-06-16T11:15:08.567741900Z  User 76: starting browser workflow.
2026-06-16T11:15:08.600809300Z  User 77: starting browser workflow.
2026-06-16T11:15:08.619051600Z  User 73: login flow completed.
2026-06-16T11:15:09.425579900Z  User 75: login flow completed.
2026-06-16T11:15:10.556663Z  User 74: login flow completed.
2026-06-16T11:15:11.112313700Z  User 76: browser tab opened.
2026-06-16T11:15:11.176925300Z  User 77: browser tab opened.
2026-06-16T11:15:11.283729200Z  User 73: success.
2026-06-16T11:15:11.846665600Z  User 78: starting browser workflow.
2026-06-16T11:15:12.081877500Z  User 75: success.
2026-06-16T11:15:12.630026600Z  User 79: starting browser workflow.
2026-06-16T11:15:13.201193300Z  User 74: success.
2026-06-16T11:15:13.369049400Z  User 77: login flow completed.
2026-06-16T11:15:13.633690100Z  User 80: starting browser workflow.
2026-06-16T11:15:14.168667700Z  User 78: browser tab opened.
2026-06-16T11:15:14.714066400Z  User 79: browser tab opened.
2026-06-16T11:15:15.755998100Z  User 80: browser tab opened.
2026-06-16T11:15:15.970186100Z  User 77: success.
2026-06-16T11:15:16.760196600Z  User 81: starting browser workflow.
2026-06-16T11:15:16.847903300Z  User 78: login flow completed.
2026-06-16T11:15:18.030183300Z  User 64: login flow completed.
2026-06-16T11:15:18.360024900Z  User 80: login flow completed.
2026-06-16T11:15:18.850744500Z  User 81: browser tab opened.
2026-06-16T11:15:19.477959200Z  User 78: success.
2026-06-16T11:15:20.738907700Z  User 81: login flow completed.
2026-06-16T11:15:20.770093400Z  User 82: starting browser workflow.
2026-06-16T11:15:21.009301700Z  User 64: success.
2026-06-16T11:15:21.265255700Z  User 80: success.
2026-06-16T11:15:22.546613900Z  User 83: starting browser workflow.
2026-06-16T11:15:22.750118900Z  User 84: starting browser workflow.
2026-06-16T11:15:23.016642600Z  User 82: browser tab opened.
2026-06-16T11:15:23.340301500Z  User 81: success.
2026-06-16T11:15:23.930900700Z  User 85: starting browser workflow.
2026-06-16T11:15:24.725109500Z  User 82: login flow completed.
2026-06-16T11:15:24.853812900Z  User 83: browser tab opened.
2026-06-16T11:15:25.054054600Z  User 84: browser tab opened.
2026-06-16T11:15:26.246059100Z  User 85: browser tab opened.
2026-06-16T11:15:26.555749800Z  User 67: login flow completed.
2026-06-16T11:15:27.381887400Z  User 82: success.
2026-06-16T11:15:27.925831700Z  User 86: starting browser workflow.
2026-06-16T11:15:28.004946600Z  User 85: login flow completed.
2026-06-16T11:15:29.138139800Z  User 67: success.
2026-06-16T11:15:29.457500100Z  User 87: starting browser workflow.
2026-06-16T11:15:29.861653600Z  User 86: browser tab opened.
2026-06-16T11:15:30.615837600Z  User 85: success.
2026-06-16T11:15:31.216744200Z  User 88: starting browser workflow.
2026-06-16T11:15:31.541922800Z  User 87: browser tab opened.
2026-06-16T11:15:31.898759400Z  User 86: login flow completed.
2026-06-16T11:15:33.189129500Z  User 88: browser tab opened.
2026-06-16T11:15:33.304125100Z  User 87: login flow completed.
2026-06-16T11:15:34.525780100Z  User 86: success.
2026-06-16T11:15:35.096852500Z  User 88: login flow completed.
2026-06-16T11:15:35.829924900Z  User 89: starting browser workflow.
2026-06-16T11:15:35.996464200Z  User 87: success.
2026-06-16T11:15:36.267537100Z  User 72: login flow completed.
2026-06-16T11:15:36.392761400Z  User 90: starting browser workflow.
2026-06-16T11:15:37.597282800Z  User 60: login flow completed.
2026-06-16T11:15:37.642522200Z  User 89: browser tab opened.
2026-06-16T11:15:37.763941900Z  User 88: success.
2026-06-16T11:15:38.164197400Z  User 91: starting browser workflow.
2026-06-16T11:15:38.376832900Z  User 90: browser tab opened.
2026-06-16T11:15:38.906831700Z  User 72: success.
2026-06-16T11:15:39.333809400Z  User 89: login flow completed.
2026-06-16T11:15:39.381130300Z  User 92: starting browser workflow.
2026-06-16T11:15:40.291182900Z  User 91: browser tab opened.
2026-06-16T11:15:40.309791900Z  User 60: success.
2026-06-16T11:15:40.650943100Z  User 90: login flow completed.
2026-06-16T11:15:40.792278100Z  User 93: starting browser workflow.
2026-06-16T11:15:41.580859400Z  User 92: browser tab opened.
2026-06-16T11:15:41.944805700Z  User 89: success.
2026-06-16T11:15:42.430872700Z  User 94: starting browser workflow.
2026-06-16T11:15:42.612473100Z  User 91: login flow completed.
2026-06-16T11:15:42.955943300Z  User 93: browser tab opened.
2026-06-16T11:15:43.160150800Z  User 76: login flow completed.
2026-06-16T11:15:43.258223600Z  User 90: success.
2026-06-16T11:15:43.472212200Z  User 92: login flow completed.
2026-06-16T11:15:43.634855400Z  User 95: starting browser workflow.
2026-06-16T11:15:44.396106800Z  User 94: browser tab opened.
2026-06-16T11:15:45.197029900Z  User 91: success.
2026-06-16T11:15:45.315150500Z  User 93: login flow completed.
2026-06-16T11:15:45.620170500Z  User 95: browser tab opened.
2026-06-16T11:15:45.750337Z  User 76: success.
2026-06-16T11:15:45.922475500Z  User 96: starting browser workflow.
2026-06-16T11:15:46.172637700Z  User 92: success.
2026-06-16T11:15:46.685113500Z  User 97: starting browser workflow.
2026-06-16T11:15:46.772193400Z  User 98: starting browser workflow.
2026-06-16T11:15:47.332433400Z  User 79: login flow completed.
2026-06-16T11:15:47.599958Z  User 95: login flow completed.
2026-06-16T11:15:47.955183700Z  User 93: success.
2026-06-16T11:15:48.121976900Z  User 96: browser tab opened.
2026-06-16T11:15:48.586177200Z  User 99: starting browser workflow.
2026-06-16T11:15:48.887990800Z  User 98: browser tab opened.
2026-06-16T11:15:48.892567900Z  User 97: browser tab opened.
2026-06-16T11:15:50.038236900Z  User 79: success.
2026-06-16T11:15:50.197943500Z  User 95: success.
2026-06-16T11:15:50.502895800Z  User 97: login flow completed.
2026-06-16T11:15:50.753274100Z  User 100: starting browser workflow.
2026-06-16T11:15:50.968042700Z  User 98: login flow completed.
2026-06-16T11:15:51.005504100Z  User 99: browser tab opened.
2026-06-16T11:15:51.454145400Z  User 96: login flow completed.
2026-06-16T11:15:52.531310400Z  User 100: browser tab opened.
2026-06-16T11:15:53.119235600Z  User 97: success.
2026-06-16T11:15:53.122241600Z  User 99: login flow completed.
2026-06-16T11:15:53.604101200Z  User 98: success.
2026-06-16T11:15:54.052463100Z  User 96: success.
2026-06-16T11:15:54.180595700Z  User 100: login flow completed.
2026-06-16T11:15:55.769456700Z  User 99: success.
2026-06-16T11:15:56.774061500Z  User 100: success.
2026-06-16T11:15:57.105996700Z  User 83: login flow completed.
2026-06-16T11:15:57.198613500Z  User 58: login flow completed.
2026-06-16T11:15:59.635304900Z  User 83: success.
2026-06-16T11:15:59.850348100Z  User 58: success.
2026-06-16T11:16:16.507403500Z  User 94: login flow completed.
2026-06-16T11:16:19.060562500Z  User 94: success.
2026-06-16T11:17:27.209459800Z  User 84: login flow completed.
2026-06-16T11:17:29.757229700Z  User 84: success.
2026-06-16T11:17:30.023960900Z  Browser execution completed with 8 failed users.