2026-06-16T10:50:00.360807300Z  User 35: success.
2026-06-16T10:50:00.417540200Z  User 40: login flow completed.
2026-06-16T10:50:00.495827800Z  User 39: login flow completed.
2026-06-16T10:50:00.594947200Z  User 43: starting browser workflow.
2026-06-16T10:50:00.638946900Z  User 36: success.
2026-06-16T10:50:00.995723900Z  User 44: starting browser workflow.
2026-06-16T10:50:01.128697700Z  User 42: browser tab opened.
2026-06-16T10:50:01.264008Z  User 41: login flow completed.
2026-06-16T10:50:01.533990600Z  User 37: success.
2026-06-16T10:50:01.789677500Z  User 43: browser tab opened.
2026-06-16T10:50:01.886558500Z  User 38: success.
2026-06-16T10:50:02.236977900Z  User 44: browser tab opened.
2026-06-16T10:50:02.496838400Z  User 45: starting browser workflow.
2026-06-16T10:50:02.663118300Z  User 42: login flow completed.
2026-06-16T10:50:02.876768600Z  User 46: starting browser workflow.
2026-06-16T10:50:02.990630Z  User 40: success.
2026-06-16T10:50:03.043165500Z  User 39: success.
2026-06-16T10:50:03.596097200Z  User 47: starting browser workflow.
2026-06-16T10:50:03.602223700Z  User 48: starting browser workflow.
2026-06-16T10:50:03.735972800Z  User 45: browser tab opened.
2026-06-16T10:50:03.860122100Z  User 41: success.
2026-06-16T10:50:04.296611100Z  User 49: starting browser workflow.
2026-06-16T10:50:04.309172800Z  User 46: browser tab opened.
2026-06-16T10:50:05.104113900Z  User 44: login flow completed.
2026-06-16T10:50:05.273579600Z  User 47: browser tab opened.
2026-06-16T10:50:05.274582800Z  User 42: success.
2026-06-16T10:50:05.359441Z  User 48: browser tab opened.
2026-06-16T10:50:05.479445Z  User 45: login flow completed.
2026-06-16T10:50:05.730682800Z  User 50: starting browser workflow.
2026-06-16T10:50:05.855701800Z  User 49: browser tab opened.
2026-06-16T10:50:06.177949400Z  User 46: login flow completed.
2026-06-16T10:50:06.814425800Z  User 47: login flow completed.
2026-06-16T10:50:06.932009200Z  User 50: browser tab opened.
2026-06-16T10:50:07.448736700Z  User 48: login flow completed.
2026-06-16T10:50:07.698006900Z  User 44: success.
2026-06-16T10:50:07.950896500Z  User 49: login flow completed.
2026-06-16T10:50:08.053405600Z  User 51: starting browser workflow.
2026-06-16T10:50:08.057403200Z  User 45: success.
2026-06-16T10:50:08.321823Z  User 52: starting browser workflow.
2026-06-16T10:50:08.735884100Z  User 46: success.
2026-06-16T10:50:08.839261900Z  User 50: login flow completed.
2026-06-16T10:50:09.168794700Z  User 53: starting browser workflow.
2026-06-16T10:50:09.199101Z  User 51: browser tab opened.
2026-06-16T10:50:09.408718800Z  User 47: success.
2026-06-16T10:50:09.538923800Z  User 52: browser tab opened.
2026-06-16T10:50:09.806856600Z  User 54: starting browser workflow.
2026-06-16T10:50:10.005037500Z  User 48: success.
2026-06-16T10:50:10.328536800Z  User 53: browser tab opened.
2026-06-16T10:50:10.509159900Z  User 49: success.
2026-06-16T10:50:10.599349Z  User 55: starting browser workflow.
2026-06-16T10:50:10.935942600Z  User 54: browser tab opened.
2026-06-16T10:50:11.041002500Z  User 56: starting browser workflow.
2026-06-16T10:50:11.376857800Z  User 50: success.
2026-06-16T10:50:11.781805900Z  User 52: login flow completed.
2026-06-16T10:50:11.827105400Z  User 57: starting browser workflow.
2026-06-16T10:50:11.831153200Z  User 51: login flow completed.
2026-06-16T10:50:11.907384200Z  User 53: login flow completed.
2026-06-16T10:50:12.143818Z  User 55: browser tab opened.
2026-06-16T10:50:12.489386100Z  User 56: browser tab opened.
2026-06-16T10:50:12.982871500Z  User 54: login flow completed.
2026-06-16T10:50:13.157209800Z  User 57: browser tab opened.
2026-06-16T10:50:13.884965200Z  User 55: login flow completed.
2026-06-16T10:50:14.335189900Z  User 52: success.
2026-06-16T10:50:14.406780400Z  User 51: success.
2026-06-16T10:50:14.607107400Z  User 53: success.
2026-06-16T10:50:14.624912700Z  User 56: login flow completed.
2026-06-16T10:50:14.840953Z  User 58: starting browser workflow.
2026-06-16T10:50:14.866384600Z  User 59: starting browser workflow.
2026-06-16T10:50:14.917406Z  User 60: starting browser workflow.
2026-06-16T10:50:15.000444300Z  User 57: login flow completed.
2026-06-16T10:50:15.675879900Z  User 54: success.
2026-06-16T10:50:15.967434100Z  User 58: browser tab opened.
2026-06-16T10:50:16.037915700Z  User 61: starting browser workflow.
2026-06-16T10:50:16.064947300Z  User 59: browser tab opened.
2026-06-16T10:50:16.074998600Z  User 60: browser tab opened.
2026-06-16T10:50:16.416414900Z  User 55: success.
2026-06-16T10:50:17.202812100Z  User 61: browser tab opened.
2026-06-16T10:50:17.212159700Z  User 56: success.
2026-06-16T10:50:17.277813200Z  User 62: starting browser workflow.
2026-06-16T10:50:17.545939400Z  User 57: success.
2026-06-16T10:50:17.633712900Z  User 63: starting browser workflow.
2026-06-16T10:50:17.742016400Z  User 60: login flow completed.
2026-06-16T10:50:17.871050400Z  User 58: login flow completed.
2026-06-16T10:50:17.881095800Z  User 64: starting browser workflow.
2026-06-16T10:50:18.150777800Z  User 59: login flow completed.
2026-06-16T10:50:18.606039800Z  User 62: browser tab opened.
2026-06-16T10:50:18.892325500Z  User 63: browser tab opened.
2026-06-16T10:50:19.169469500Z  User 64: browser tab opened.
2026-06-16T10:50:19.712081800Z  User 61: login flow completed.
2026-06-16T10:50:20.263751800Z  User 60: success.
2026-06-16T10:50:20.414876700Z  User 58: success.
2026-06-16T10:50:20.530956100Z  User 65: starting browser workflow.
2026-06-16T10:50:20.547286400Z  User 62: login flow completed.
2026-06-16T10:50:20.732958600Z  User 66: starting browser workflow.
2026-06-16T10:50:20.749006700Z  User 63: login flow completed.
2026-06-16T10:50:20.909305200Z  User 59: success.
2026-06-16T10:50:21.196019100Z  User 67: starting browser workflow.
2026-06-16T10:50:21.220730900Z  User 64: login flow completed.
2026-06-16T10:50:21.734839700Z  User 65: browser tab opened.
2026-06-16T10:50:21.963076400Z  User 66: browser tab opened.
2026-06-16T10:50:22.261844900Z  User 61: success.
2026-06-16T10:50:22.405741800Z  User 67: browser tab opened.
2026-06-16T10:50:22.645829700Z  User 68: starting browser workflow.
2026-06-16T10:50:23.105154800Z  User 62: success.
2026-06-16T10:50:23.309518200Z  User 63: success.
2026-06-16T10:50:23.435018200Z  User 69: starting browser workflow.
2026-06-16T10:50:23.597325100Z  User 70: starting browser workflow.
2026-06-16T10:50:23.777876300Z  User 64: success.
2026-06-16T10:50:23.845194500Z  User 65: login flow completed.
2026-06-16T10:50:24.009408200Z  User 66: login flow completed.
2026-06-16T10:50:24.061019900Z  User 68: browser tab opened.
2026-06-16T10:50:24.237944100Z  User 71: starting browser workflow.
2026-06-16T10:50:24.339783700Z  User 67: login flow completed.
2026-06-16T10:50:24.776115600Z  User 69: browser tab opened.
2026-06-16T10:50:24.877302200Z  User 70: browser tab opened.
2026-06-16T10:50:25.449594700Z  User 71: browser tab opened.
2026-06-16T10:50:25.818165600Z  User 68: login flow completed.
2026-06-16T10:50:26.268979Z  User 69: login flow completed.
2026-06-16T10:50:26.467975Z  User 65: success.
2026-06-16T10:50:26.648001700Z  User 70: login flow completed.
2026-06-16T10:50:26.698896100Z  User 66: success.
2026-06-16T10:50:26.863181800Z  User 67: success.
2026-06-16T10:50:27.031077700Z  User 72: starting browser workflow.
2026-06-16T10:50:27.054754100Z  User 73: starting browser workflow.
2026-06-16T10:50:27.064136900Z  User 71: login flow completed.
2026-06-16T10:50:27.162199200Z  User 74: starting browser workflow.
2026-06-16T10:50:28.086523500Z  User 72: browser tab opened.
2026-06-16T10:50:28.093424600Z  User 73: browser tab opened.
2026-06-16T10:50:28.258939300Z  User 74: browser tab opened.
2026-06-16T10:50:28.332900900Z  User 68: success.
2026-06-16T10:50:28.717086800Z  User 75: starting browser workflow.
2026-06-16T10:50:28.837581300Z  User 69: success.
2026-06-16T10:50:29.154524200Z  User 76: starting browser workflow.
2026-06-16T10:50:29.207554600Z  User 70: success.
2026-06-16T10:50:29.491163600Z  User 77: starting browser workflow.
2026-06-16T10:50:29.586656400Z  User 71: success.
2026-06-16T10:50:30.060776600Z  User 75: browser tab opened.
2026-06-16T10:50:30.082874Z  User 78: starting browser workflow.
2026-06-16T10:50:30.095706900Z  User 73: login flow completed.
2026-06-16T10:50:30.406801500Z  User 74: login flow completed.
2026-06-16T10:50:30.714232300Z  User 72: login flow completed.
2026-06-16T10:50:30.755889100Z  User 76: browser tab opened.
2026-06-16T10:50:31.086014800Z  User 77: browser tab opened.
2026-06-16T10:50:31.493377300Z  User 78: browser tab opened.
2026-06-16T10:50:31.970932500Z  User 75: login flow completed.
2026-06-16T10:50:32.426512700Z  User 76: login flow completed.
2026-06-16T10:50:32.648036600Z  User 73: success.
2026-06-16T10:50:32.934933Z  User 74: success.
2026-06-16T10:50:32.979853500Z  User 77: login flow completed.
2026-06-16T10:50:33.255429700Z  User 78: login flow completed.
2026-06-16T10:50:33.265400500Z  User 72: success.
2026-06-16T10:50:33.618082500Z  User 79: starting browser workflow.
2026-06-16T10:50:33.990911600Z  User 80: starting browser workflow.
2026-06-16T10:50:34.012912100Z  User 81: starting browser workflow.
2026-06-16T10:50:34.529670400Z  User 75: success.
2026-06-16T10:50:34.681845600Z  User 79: browser tab opened.
2026-06-16T10:50:34.868920200Z  User 82: starting browser workflow.
2026-06-16T10:50:35.001069700Z  User 76: success.
2026-06-16T10:50:35.074502100Z  User 80: browser tab opened.
2026-06-16T10:50:35.088743Z  User 81: browser tab opened.
2026-06-16T10:50:35.403996400Z  User 83: starting browser workflow.
2026-06-16T10:50:35.531085700Z  User 77: success.
2026-06-16T10:50:35.806152900Z  User 78: success.
2026-06-16T10:50:35.812011500Z  User 84: starting browser workflow.
2026-06-16T10:50:36.387496100Z  User 82: browser tab opened.
2026-06-16T10:50:36.402623200Z  User 85: starting browser workflow.
2026-06-16T10:50:36.811262900Z  User 80: login flow completed.
2026-06-16T10:50:37.015932300Z  User 81: login flow completed.
2026-06-16T10:50:37.039463800Z  User 83: browser tab opened.
2026-06-16T10:50:37.492163500Z  User 84: browser tab opened.
2026-06-16T10:50:37.845490Z  User 85: browser tab opened.
2026-06-16T10:50:37.968445300Z  User 82: login flow completed.
2026-06-16T10:50:38.858101900Z  User 83: login flow completed.
2026-06-16T10:50:38.998965200Z  User 84: login flow completed.
2026-06-16T10:50:39.322652300Z  User 80: success.
2026-06-16T10:50:39.545467400Z  User 81: success.
2026-06-16T10:50:39.733190200Z  User 86: starting browser workflow.
2026-06-16T10:50:39.812475600Z  User 85: login flow completed.
2026-06-16T10:50:40.100165800Z  User 87: starting browser workflow.
2026-06-16T10:50:40.500976700Z  User 82: success.
2026-06-16T10:50:40.633259600Z  User 86: browser tab opened.
2026-06-16T10:50:40.839338600Z  User 88: starting browser workflow.
2026-06-16T10:50:41.071908900Z  User 87: browser tab opened.
2026-06-16T10:50:41.436398600Z  User 83: success.
2026-06-16T10:50:41.547225200Z  User 84: success.
2026-06-16T10:50:41.755306700Z  User 89: starting browser workflow.
2026-06-16T10:50:41.925479Z  User 90: starting browser workflow.
2026-06-16T10:50:42.036998800Z  User 88: browser tab opened.
2026-06-16T10:50:42.335448400Z  User 85: success.
2026-06-16T10:50:42.392133Z  User 86: login flow completed.
2026-06-16T10:50:42.685951100Z  User 91: starting browser workflow.
2026-06-16T10:50:43.070239Z  User 89: browser tab opened.
2026-06-16T10:50:43.296844300Z  User 90: browser tab opened.
2026-06-16T10:50:43.808917600Z  User 87: login flow completed.
2026-06-16T10:50:44.042838100Z  User 88: login flow completed.
2026-06-16T10:50:44.068943200Z  User 91: browser tab opened.
2026-06-16T10:50:44.942365700Z  User 86: success.
2026-06-16T10:50:44.979243Z  User 90: login flow completed.
2026-06-16T10:50:45.208922100Z  User 89: login flow completed.
2026-06-16T10:50:45.265861100Z  User 92: starting browser workflow.
2026-06-16T10:50:45.629910600Z  User 91: login flow completed.
2026-06-16T10:50:46.093450400Z  User 92: browser tab opened.
2026-06-16T10:50:46.381386Z  User 87: success.
2026-06-16T10:50:46.645121100Z  User 88: success.
2026-06-16T10:50:47.623525600Z  User 90: success.
2026-06-16T10:50:47.637076700Z  User 92: login flow completed.
2026-06-16T10:50:47.667638500Z  User 93: starting browser workflow.
2026-06-16T10:50:47.669147600Z  User 94: starting browser workflow.
2026-06-16T10:50:47.845289400Z  User 89: success.
2026-06-16T10:50:48.192205600Z  User 91: success.
2026-06-16T10:50:48.275268300Z  User 95: starting browser workflow.
2026-06-16T10:50:48.359250900Z  User 96: starting browser workflow.
2026-06-16T10:50:48.559277500Z  User 97: starting browser workflow.
2026-06-16T10:50:48.874090700Z  User 5: login flow completed.
2026-06-16T10:50:48.945926900Z  User 93: browser tab opened.
2026-06-16T10:50:49.026068300Z  User 94: browser tab opened.
2026-06-16T10:50:49.655954800Z  User 1: login flow completed.
2026-06-16T10:50:49.687440200Z  User 95: browser tab opened.
2026-06-16T10:50:49.704934300Z  User 96: browser tab opened.
2026-06-16T10:50:49.890273800Z  User 97: browser tab opened.
2026-06-16T10:50:50.182602500Z  User 92: success.
2026-06-16T10:50:50.653333Z  User 98: starting browser workflow.
2026-06-16T10:50:51.315100100Z  User 96: login flow completed.
2026-06-16T10:50:51.431997400Z  User 5: success.
2026-06-16T10:50:51.567379700Z  User 94: login flow completed.
2026-06-16T10:50:51.567379700Z  User 93: login flow completed.
2026-06-16T10:50:51.687393100Z  User 99: starting browser workflow.
2026-06-16T10:50:51.963419500Z  User 98: browser tab opened.
2026-06-16T10:50:52.085120Z  User 97: login flow completed.
2026-06-16T10:50:52.163176800Z  User 95: login flow completed.
2026-06-16T10:50:52.243875100Z  User 1: success.
2026-06-16T10:50:52.491013100Z  User 100: starting browser workflow.
2026-06-16T10:50:52.735253700Z  User 99: browser tab opened.
2026-06-16T10:50:53.564570600Z  User 98: login flow completed.
2026-06-16T10:50:53.773237Z  User 100: browser tab opened.
2026-06-16T10:50:53.863157800Z  User 96: success.
2026-06-16T10:50:54.115929200Z  User 93: success.
2026-06-16T10:50:54.117928500Z  User 94: success.
2026-06-16T10:50:54.390135100Z  User 99: login flow completed.
2026-06-16T10:50:54.645766500Z  User 97: success.
2026-06-16T10:50:54.723342600Z  User 95: success.
2026-06-16T10:50:56.076676100Z  User 98: success.
2026-06-16T10:50:56.494193900Z  User 100: login flow completed.
2026-06-16T10:50:56.920623600Z  User 99: success.
2026-06-16T10:50:59.035680Z  User 100: success.
2026-06-16T10:51:35.280923900Z  User 43: login flow completed.
2026-06-16T10:51:37.774791Z  User 43: success.
2026-06-16T10:52:37.063279300Z  User 79: login flow completed.
2026-06-16T10:52:39.571374Z  User 79: success.
2026-06-16T10:52:39.805753700Z  Browser execution completed with 4 failed users.