2026-06-17T05:36:29.249173900Z  [User-85] Failure - Error { message='Timeout 60000ms exceeded. name='TimeoutError stack='TimeoutError: Timeout 60000ms exceeded. at ProgressController.run (C:\Users\mabis\AppData\Local\Temp\playwright-java-1431074844503074224\package\lib...
2026-06-17T05:36:34.649843100Z  [User-83] Login Retry 2 Failed - Error { message='Timeout 60000ms exceeded. name='TimeoutError stack='TimeoutError: Timeout 60000ms exceeded. at ProgressController.run (C:\Users\mabis\AppData\Local\Temp\playwright-java-1431074844503074224\package\lib...
2026-06-17T05:36:44.131240300Z  [User-79] Screenshot Capture Failed - Error { message='Timeout 15000ms exceeded. name='TimeoutError stack='TimeoutError: Timeout 15000ms exceeded. at ProgressController.run (C:\Users\mabis\AppData\Local\Temp\playwright-java-1431074844503074224\package\lib...
2026-06-17T05:36:44.330286600Z  [User-25] Screenshot Capture Failed - Error { message='Timeout 15000ms exceeded. name='TimeoutError stack='TimeoutError: Timeout 15000ms exceeded. at ProgressController.run (C:\Users\mabis\AppData\Local\Temp\playwright-java-1431074844503074224\package\lib...
2026-06-17T05:36:44.354295400Z  [User-19] Screenshot Capture Failed - Error { message='Timeout 15000ms exceeded. name='TimeoutError stack='TimeoutError: Timeout 15000ms exceeded. at ProgressController.run (C:\Users\mabis\AppData\Local\Temp\playwright-java-1431074844503074224\package\lib...
2026-06-17T05:36:44.777832800Z  [User-85] Screenshot Capture Failed - Error { message='Timeout 15000ms exceeded. name='TimeoutError stack='TimeoutError: Timeout 15000ms exceeded. at ProgressController.run (C:\Users\mabis\AppData\Local\Temp\playwright-java-1431074844503074224\package\lib...
2026-06-17T05:36:45.224507700Z  [User-6] Login Retry 3 Failed - Error { message='Timeout 60000ms exceeded. name='TimeoutError stack='TimeoutError: Timeout 60000ms exceeded. at ProgressController.run (C:\Users\mabis\AppData\Local\Temp\playwright-java-1431074844503074224\package\lib...
2026-06-17T05:36:45.224507700Z  [User-6] Failure - Error { message='Timeout 60000ms exceeded. name='TimeoutError stack='TimeoutError: Timeout 60000ms exceeded. at ProgressController.run (C:\Users\mabis\AppData\Local\Temp\playwright-java-1431074844503074224\package\lib...
2026-06-17T05:36:58.493277600Z  [User-86] Login Retry 3 Failed - Error { message='Timeout 60000ms exceeded. name='TimeoutError stack='TimeoutError: Timeout 60000ms exceeded. at ProgressController.run (C:\Users\mabis\AppData\Local\Temp\playwright-java-1431074844503074224\package\lib...
2026-06-17T05:36:58.493277600Z  [User-86] Failure - Error { message='Timeout 60000ms exceeded. name='TimeoutError stack='TimeoutError: Timeout 60000ms exceeded. at ProgressController.run (C:\Users\mabis\AppData\Local\Temp\playwright-java-1431074844503074224\package\lib...
2026-06-17T05:37:01.599004100Z  [User-6] Screenshot Capture Failed - Error { message='Timeout 15000ms exceeded. name='TimeoutError stack='TimeoutError: Timeout 15000ms exceeded. at ProgressController.run (C:\Users\mabis\AppData\Local\Temp\playwright-java-1431074844503074224\package\lib...
2026-06-17T05:37:01.969739600Z  [User-82] Login Retry 3 Failed - Error { message='Timeout 60000ms exceeded. name='TimeoutError stack='TimeoutError: Timeout 60000ms exceeded. at ProgressController.run (C:\Users\mabis\AppData\Local\Temp\playwright-java-1431074844503074224\package\lib...
2026-06-17T05:37:01.969739600Z  [User-82] Failure - Error { message='Timeout 60000ms exceeded. name='TimeoutError stack='TimeoutError: Timeout 60000ms exceeded. at ProgressController.run (C:\Users\mabis\AppData\Local\Temp\playwright-java-1431074844503074224\package\lib...
2026-06-17T05:37:06.146838700Z  [User-27] Login Retry 3 Failed - Error { message='Timeout 60000ms exceeded. name='TimeoutError stack='TimeoutError: Timeout 60000ms exceeded. at ProgressController.run (C:\Users\mabis\AppData\Local\Temp\playwright-java-1431074844503074224\package\lib...
2026-06-17T05:37:06.146838700Z  [User-27] Failure - Error { message='Timeout 60000ms exceeded. name='TimeoutError stack='TimeoutError: Timeout 60000ms exceeded. at ProgressController.run (C:\Users\mabis\AppData\Local\Temp\playwright-java-1431074844503074224\package\lib...
2026-06-17T05:37:08.091426800Z  [User-67] Login Retry 2 Failed - Error { message='Timeout 60000ms exceeded. name='TimeoutError stack='TimeoutError: Timeout 60000ms exceeded. at ProgressController.run (C:\Users\mabis\AppData\Local\Temp\playwright-java-1431074844503074224\package\lib...
2026-06-17T05:37:10.264591100Z  [User-60] Login Retry 2 Failed - Error { message='Timeout 60000ms exceeded. name='TimeoutError stack='TimeoutError: Timeout 60000ms exceeded. at ProgressController.run (C:\Users\mabis\AppData\Local\Temp\playwright-java-1431074844503074224\package\lib...
2026-06-17T05:37:10.687236800Z  [User-7] Login Retry 3 Failed - Error { message='Timeout 60000ms exceeded. name='TimeoutError stack='TimeoutError: Timeout 60000ms exceeded. at ProgressController.run (C:\Users\mabis\AppData\Local\Temp\playwright-java-1431074844503074224\package\lib...
2026-06-17T05:37:10.688235100Z  [User-7] Failure - Error { message='Timeout 60000ms exceeded. name='TimeoutError stack='TimeoutError: Timeout 60000ms exceeded. at ProgressController.run (C:\Users\mabis\AppData\Local\Temp\playwright-java-1431074844503074224\package\lib...
2026-06-17T05:37:11.574516900Z  [User-63] Login Retry 2 Failed - Error { message='Timeout 60000ms exceeded. name='TimeoutError stack='TimeoutError: Timeout 60000ms exceeded. at ProgressController.run (C:\Users\mabis\AppData\Local\Temp\playwright-java-1431074844503074224\package\lib...
2026-06-17T05:37:11.716573300Z  [User-23] Login Retry 3 Failed - Error { message='Timeout 60000ms exceeded. name='TimeoutError stack='TimeoutError: Timeout 60000ms exceeded. at ProgressController.run (C:\Users\mabis\AppData\Local\Temp\playwright-java-1431074844503074224\package\lib...
2026-06-17T05:37:11.716573300Z  [User-23] Failure - Error { message='Timeout 60000ms exceeded. name='TimeoutError stack='TimeoutError: Timeout 60000ms exceeded. at ProgressController.run (C:\Users\mabis\AppData\Local\Temp\playwright-java-1431074844503074224\package\lib...
2026-06-17T05:37:13.796898300Z  [User-86] Screenshot Capture Failed - Error { message='Timeout 15000ms exceeded. name='TimeoutError stack='TimeoutError: Timeout 15000ms exceeded. at ProgressController.run (C:\Users\mabis\AppData\Local\Temp\playwright-java-1431074844503074224\package\lib...
2026-06-17T05:37:16.413486200Z  [User-80] Login Retry 2 Failed - Error { message='Timeout 60000ms exceeded. name='TimeoutError stack='TimeoutError: Timeout 60000ms exceeded. at ProgressController.run (C:\Users\mabis\AppData\Local\Temp\playwright-java-1431074844503074224\package\lib...
2026-06-17T05:37:18.913968500Z  [User-82] Screenshot Capture Failed - Error { message='Timeout 15000ms exceeded. name='TimeoutError stack='TimeoutError: Timeout 15000ms exceeded. at ProgressController.run (C:\Users\mabis\AppData\Local\Temp\playwright-java-1431074844503074224\package\lib...
2026-06-17T05:37:19.288462500Z  [User-32] Login Retry 3 Failed - Error { message='Timeout 60000ms exceeded. name='TimeoutError stack='TimeoutError: Timeout 60000ms exceeded. at ProgressController.run (C:\Users\mabis\AppData\Local\Temp\playwright-java-1431074844503074224\package\lib...
2026-06-17T05:37:19.288462500Z  [User-32] Failure - Error { message='Timeout 60000ms exceeded. name='TimeoutError stack='TimeoutError: Timeout 60000ms exceeded. at ProgressController.run (C:\Users\mabis\AppData\Local\Temp\playwright-java-1431074844503074224\package\lib...
2026-06-17T05:37:21.522178900Z  [User-27] Screenshot Capture Failed - Error { message='Timeout 15000ms exceeded. name='TimeoutError stack='TimeoutError: Timeout 15000ms exceeded. at ProgressController.run (C:\Users\mabis\AppData\Local\Temp\playwright-java-1431074844503074224\package\lib...
2026-06-17T05:37:23.436852400Z  [User-77] Login Retry 2 Failed - Error { message='Timeout 60000ms exceeded. name='TimeoutError stack='TimeoutError: Timeout 60000ms exceeded. at ProgressController.run (C:\Users\mabis\AppData\Local\Temp\playwright-java-1431074844503074224\package\lib...
2026-06-17T05:37:26.413907400Z  [User-7] Screenshot Capture Failed - Error { message='Timeout 15000ms exceeded. name='TimeoutError stack='TimeoutError: Timeout 15000ms exceeded. at ProgressController.run (C:\Users\mabis\AppData\Local\Temp\playwright-java-1431074844503074224\package\lib...
2026-06-17T05:37:27.035121400Z  [User-23] Screenshot Capture Failed - Error { message='Timeout 15000ms exceeded. name='TimeoutError stack='TimeoutError: Timeout 15000ms exceeded. at ProgressController.run (C:\Users\mabis\AppData\Local\Temp\playwright-java-1431074844503074224\package\lib...
2026-06-17T05:37:34.413903Z  [User-15] Login Retry 3 Failed - Error { message='Timeout 60000ms exceeded. name='TimeoutError stack='TimeoutError: Timeout 60000ms exceeded. at ProgressController.run (C:\Users\mabis\AppData\Local\Temp\playwright-java-1431074844503074224\package\lib...
2026-06-17T05:37:34.413903Z  [User-15] Failure - Error { message='Timeout 60000ms exceeded. name='TimeoutError stack='TimeoutError: Timeout 60000ms exceeded. at ProgressController.run (C:\Users\mabis\AppData\Local\Temp\playwright-java-1431074844503074224\package\lib...
2026-06-17T05:37:34.553429600Z  [User-72] Login Retry 3 Failed - Error { message='Timeout 60000ms exceeded. name='TimeoutError stack='TimeoutError: Timeout 60000ms exceeded. at ProgressController.run (C:\Users\mabis\AppData\Local\Temp\playwright-java-1431074844503074224\package\lib...
2026-06-17T05:37:34.554428200Z  [User-72] Failure - Error { message='Timeout 60000ms exceeded. name='TimeoutError stack='TimeoutError: Timeout 60000ms exceeded. at ProgressController.run (C:\Users\mabis\AppData\Local\Temp\playwright-java-1431074844503074224\package\lib...
2026-06-17T05:37:35.636275300Z  [User-62] Login Retry 3 Failed - Error { message='Timeout 60000ms exceeded. name='TimeoutError stack='TimeoutError: Timeout 60000ms exceeded. at ProgressController.run (C:\Users\mabis\AppData\Local\Temp\playwright-java-1431074844503074224\package\lib...
2026-06-17T05:37:35.637272400Z  [User-62] Failure - Error { message='Timeout 60000ms exceeded. name='TimeoutError stack='TimeoutError: Timeout 60000ms exceeded. at ProgressController.run (C:\Users\mabis\AppData\Local\Temp\playwright-java-1431074844503074224\package\lib...
2026-06-17T05:37:35.857329100Z  [User-32] Screenshot Capture Failed - Error { message='Timeout 15000ms exceeded. name='TimeoutError stack='TimeoutError: Timeout 15000ms exceeded. at ProgressController.run (C:\Users\mabis\AppData\Local\Temp\playwright-java-1431074844503074224\package\lib...
2026-06-17T05:37:48.031086300Z  [User-51] Login Retry 3 Failed - Error { message='Timeout 60000ms exceeded. name='TimeoutError stack='TimeoutError: Timeout 60000ms exceeded. at ProgressController.run (C:\Users\mabis\AppData\Local\Temp\playwright-java-1431074844503074224\package\lib...
2026-06-17T05:37:48.032087600Z  [User-51] Failure - Error { message='Timeout 60000ms exceeded. name='TimeoutError stack='TimeoutError: Timeout 60000ms exceeded. at ProgressController.run (C:\Users\mabis\AppData\Local\Temp\playwright-java-1431074844503074224\package\lib...
2026-06-17T05:37:51.285112Z  [User-72] Screenshot Capture Failed - Error { message='Timeout 15000ms exceeded. name='TimeoutError stack='TimeoutError: Timeout 15000ms exceeded. at ProgressController.run (C:\Users\mabis\AppData\Local\Temp\playwright-java-1431074844503074224\package\lib...
2026-06-17T05:37:51.780433600Z  [User-62] Screenshot Capture Failed - Error { message='Timeout 15000ms exceeded. name='TimeoutError stack='TimeoutError: Timeout 15000ms exceeded. at ProgressController.run (C:\Users\mabis\AppData\Local\Temp\playwright-java-1431074844503074224\package\lib...
2026-06-17T05:37:51.818421300Z  [User-15] Screenshot Capture Failed - Error { message='Timeout 15000ms exceeded. name='TimeoutError stack='TimeoutError: Timeout 15000ms exceeded. at ProgressController.run (C:\Users\mabis\AppData\Local\Temp\playwright-java-1431074844503074224\package\lib...
2026-06-17T05:38:03.166032Z  [User-51] Screenshot Capture Failed - Error { message='Timeout 15000ms exceeded. name='TimeoutError stack='TimeoutError: Timeout 15000ms exceeded. at ProgressController.run (C:\Users\mabis\AppData\Local\Temp\playwright-java-1431074844503074224\package\lib...
2026-06-17T05:38:05.136436Z  [User-68] Login Retry 3 Failed - Error { message='Timeout 60000ms exceeded. name='TimeoutError stack='TimeoutError: Timeout 60000ms exceeded. at ProgressController.run (C:\Users\mabis\AppData\Local\Temp\playwright-java-1431074844503074224\package\lib...
2026-06-17T05:38:05.136436Z  [User-68] Failure - Error { message='Timeout 60000ms exceeded. name='TimeoutError stack='TimeoutError: Timeout 60000ms exceeded. at ProgressController.run (C:\Users\mabis\AppData\Local\Temp\playwright-java-1431074844503074224\package\lib...
2026-06-17T05:38:05.247298Z  [User-49] Login Retry 3 Failed - Error { message='Timeout 60000ms exceeded. name='TimeoutError stack='TimeoutError: Timeout 60000ms exceeded. at ProgressController.run (C:\Users\mabis\AppData\Local\Temp\playwright-java-1431074844503074224\package\lib...
2026-06-17T05:38:05.247298Z  [User-49] Failure - Error { message='Timeout 60000ms exceeded. name='TimeoutError stack='TimeoutError: Timeout 60000ms exceeded. at ProgressController.run (C:\Users\mabis\AppData\Local\Temp\playwright-java-1431074844503074224\package\lib...
2026-06-17T05:38:20.679449200Z  [User-68] Screenshot Capture Failed - Error { message='Timeout 15000ms exceeded. name='TimeoutError stack='TimeoutError: Timeout 15000ms exceeded. at ProgressController.run (C:\Users\mabis\AppData\Local\Temp\playwright-java-1431074844503074224\package\lib...
2026-06-17T05:38:20.948025200Z  [User-49] Screenshot Capture Failed - Error { message='Timeout 15000ms exceeded. name='TimeoutError stack='TimeoutError: Timeout 15000ms exceeded. at ProgressController.run (C:\Users\mabis\AppData\Local\Temp\playwright-java-1431074844503074224\package\lib...
2026-06-17T05:38:37.474926600Z  [User-87] Login Retry 3 Failed - Error { message='Timeout 60000ms exceeded. name='TimeoutError stack='TimeoutError: Timeout 60000ms exceeded. at ProgressController.run (C:\Users\mabis\AppData\Local\Temp\playwright-java-1431074844503074224\package\lib...
2026-06-17T05:38:37.474926600Z  [User-87] Failure - Error { message='Timeout 60000ms exceeded. name='TimeoutError stack='TimeoutError: Timeout 60000ms exceeded. at ProgressController.run (C:\Users\mabis\AppData\Local\Temp\playwright-java-1431074844503074224\package\lib...
2026-06-17T05:38:40.738358300Z  [User-83] Login Retry 3 Failed - Error { message='Timeout 60000ms exceeded. name='TimeoutError stack='TimeoutError: Timeout 60000ms exceeded. at ProgressController.run (C:\Users\mabis\AppData\Local\Temp\playwright-java-1431074844503074224\package\lib...
2026-06-17T05:38:40.738358300Z  [User-83] Failure - Error { message='Timeout 60000ms exceeded. name='TimeoutError stack='TimeoutError: Timeout 60000ms exceeded. at ProgressController.run (C:\Users\mabis\AppData\Local\Temp\playwright-java-1431074844503074224\package\lib...
2026-06-17T05:38:55.004590600Z  [User-87] Screenshot Capture Failed - Error { message='Timeout 15000ms exceeded. name='TimeoutError stack='TimeoutError: Timeout 15000ms exceeded. at ProgressController.run (C:\Users\mabis\AppData\Local\Temp\playwright-java-1431074844503074224\package\lib...
2026-06-17T05:38:57.094501800Z  [User-83] Screenshot Capture Failed - Error { message='Timeout 15000ms exceeded. name='TimeoutError stack='TimeoutError: Timeout 15000ms exceeded. at ProgressController.run (C:\Users\mabis\AppData\Local\Temp\playwright-java-1431074844503074224\package\lib...
2026-06-17T05:39:39.685974400Z  [User-77] Login Retry 3 Failed - Error { message='Timeout 60000ms exceeded. name='TimeoutError stack='TimeoutError: Timeout 60000ms exceeded. at ProgressController.run (C:\Users\mabis\AppData\Local\Temp\playwright-java-1431074844503074224\package\lib...
2026-06-17T05:39:39.836028300Z  [User-77] Failure - Error { message='Timeout 60000ms exceeded. name='TimeoutError stack='TimeoutError: Timeout 60000ms exceeded. at ProgressController.run (C:\Users\mabis\AppData\Local\Temp\playwright-java-1431074844503074224\package\lib...
2026-06-17T05:39:40.561641100Z  [User-67] Login Retry 3 Failed - Error { message='Timeout 60000ms exceeded. name='TimeoutError stack='TimeoutError: Timeout 60000ms exceeded. at ProgressController.run (C:\Users\mabis\AppData\Local\Temp\playwright-java-1431074844503074224\package\lib...
2026-06-17T05:39:40.581644800Z  [User-67] Failure - Error { message='Timeout 60000ms exceeded. name='TimeoutError stack='TimeoutError: Timeout 60000ms exceeded. at ProgressController.run (C:\Users\mabis\AppData\Local\Temp\playwright-java-1431074844503074224\package\lib...
2026-06-17T05:39:43.396585300Z  [User-60] Login Retry 3 Failed - Error { message='Timeout 60000ms exceeded. name='TimeoutError stack='TimeoutError: Timeout 60000ms exceeded. at ProgressController.run (C:\Users\mabis\AppData\Local\Temp\playwright-java-1431074844503074224\package\lib...
2026-06-17T05:39:43.466108300Z  [User-60] Failure - Error { message='Timeout 60000ms exceeded. name='TimeoutError stack='TimeoutError: Timeout 60000ms exceeded. at ProgressController.run (C:\Users\mabis\AppData\Local\Temp\playwright-java-1431074844503074224\package\lib...
2026-06-17T05:39:46.938569700Z  [User-80] Login Retry 3 Failed - Error { message='Timeout 60000ms exceeded. name='TimeoutError stack='TimeoutError: Timeout 60000ms exceeded. at ProgressController.run (C:\Users\mabis\AppData\Local\Temp\playwright-java-1431074844503074224\package\lib...
2026-06-17T05:39:46.939570600Z  [User-80] Failure - Error { message='Timeout 60000ms exceeded. name='TimeoutError stack='TimeoutError: Timeout 60000ms exceeded. at ProgressController.run (C:\Users\mabis\AppData\Local\Temp\playwright-java-1431074844503074224\package\lib...
2026-06-17T05:39:58.166576800Z  [User-63] Login Retry 3 Failed - Error { message='Timeout 60000ms exceeded. name='TimeoutError stack='TimeoutError: Timeout 60000ms exceeded. at ProgressController.run (C:\Users\mabis\AppData\Local\Temp\playwright-java-1431074844503074224\package\lib...
2026-06-17T05:39:58.290107200Z  [User-63] Failure - Error { message='Timeout 60000ms exceeded. name='TimeoutError stack='TimeoutError: Timeout 60000ms exceeded. at ProgressController.run (C:\Users\mabis\AppData\Local\Temp\playwright-java-1431074844503074224\package\lib...
2026-06-17T05:40:19.756994300Z  [User-77] Screenshot Capture Failed - Error { message='Timeout 15000ms exceeded. name='TimeoutError stack='TimeoutError: Timeout 15000ms exceeded. at ProgressController.run (C:\Users\mabis\AppData\Local\Temp\playwright-java-1431074844503074224\package\lib...
2026-06-17T05:40:20.801902700Z  [User-67] Screenshot Capture Failed - Error { message='Timeout 15000ms exceeded. name='TimeoutError stack='TimeoutError: Timeout 15000ms exceeded. at ProgressController.run (C:\Users\mabis\AppData\Local\Temp\playwright-java-1431074844503074224\package\lib...
2026-06-17T05:40:23.555642200Z  [User-60] Screenshot Capture Failed - Error { message='Timeout 15000ms exceeded. name='TimeoutError stack='TimeoutError: Timeout 15000ms exceeded. at ProgressController.run (C:\Users\mabis\AppData\Local\Temp\playwright-java-1431074844503074224\package\lib...
2026-06-17T05:40:29.252261300Z  [User-80] Screenshot Capture Failed - Error { message='Timeout 15000ms exceeded. name='TimeoutError stack='TimeoutError: Timeout 15000ms exceeded. at ProgressController.run (C:\Users\mabis\AppData\Local\Temp\playwright-java-1431074844503074224\package\lib...
2026-06-17T05:41:43.096344Z  [User-73] Failure - Error { message='Timeout 180000ms exceeded. name='TimeoutError stack='TimeoutError: Timeout 180000ms exceeded. at ProgressController.run (C:\Users\mabis\AppData\Local\Temp\playwright-java-1431074844503074224\package\l...
2026-06-17T05:41:43.096344Z  [User-46] Failure - Error { message='Timeout 180000ms exceeded. name='TimeoutError stack='TimeoutError: Timeout 180000ms exceeded. at ProgressController.run (C:\Users\mabis\AppData\Local\Temp\playwright-java-1431074844503074224\package\l...
2026-06-17T05:41:50.787040700Z  [User-48] Failure - Error { message='Timeout 180000ms exceeded. name='TimeoutError stack='TimeoutError: Timeout 180000ms exceeded. at ProgressController.run (C:\Users\mabis\AppData\Local\Temp\playwright-java-1431074844503074224\package\l...
2026-06-17T05:41:50.877566300Z  [User-74] Failure - Error { message='Timeout 180000ms exceeded. name='TimeoutError stack='TimeoutError: Timeout 180000ms exceeded. at ProgressController.run (C:\Users\mabis\AppData\Local\Temp\playwright-java-1431074844503074224\package\l...
2026-06-17T05:41:50.878565600Z  [User-40] Failure - Error { message='Timeout 180000ms exceeded. name='TimeoutError stack='TimeoutError: Timeout 180000ms exceeded. at ProgressController.run (C:\Users\mabis\AppData\Local\Temp\playwright-java-1431074844503074224\package\l...
2026-06-17T05:41:50.878565600Z  [User-84] Failure - Error { message='Timeout 180000ms exceeded. name='TimeoutError stack='TimeoutError: Timeout 180000ms exceeded. at ProgressController.run (C:\Users\mabis\AppData\Local\Temp\playwright-java-1431074844503074224\package\l...
2026-06-17T05:41:50.878565600Z  [User-55] Failure - Error { message='Timeout 180000ms exceeded. name='TimeoutError stack='TimeoutError: Timeout 180000ms exceeded. at ProgressController.run (C:\Users\mabis\AppData\Local\Temp\playwright-java-1431074844503074224\package\l...
2026-06-17T05:41:50.878565600Z  [User-92] Failure - Error { message='Timeout 180000ms exceeded. name='TimeoutError stack='TimeoutError: Timeout 180000ms exceeded. at ProgressController.run (C:\Users\mabis\AppData\Local\Temp\playwright-java-1431074844503074224\package\l...
2026-06-17T05:41:50.878565600Z  [User-41] Failure - Error { message='Timeout 180000ms exceeded. name='TimeoutError stack='TimeoutError: Timeout 180000ms exceeded. at ProgressController.run (C:\Users\mabis\AppData\Local\Temp\playwright-java-1431074844503074224\package\l...
2026-06-17T05:41:50.878565600Z  [User-43] Failure - Error { message='Timeout 180000ms exceeded. name='TimeoutError stack='TimeoutError: Timeout 180000ms exceeded. at ProgressController.run (C:\Users\mabis\AppData\Local\Temp\playwright-java-1431074844503074224\package\l...
2026-06-17T05:41:51.289549400Z  [User-52] Failure - Error { message='Timeout 180000ms exceeded. name='TimeoutError stack='TimeoutError: Timeout 180000ms exceeded. at ProgressController.run (C:\Users\mabis\AppData\Local\Temp\playwright-java-1431074844503074224\package\l...
2026-06-17T05:41:51.290549800Z  [User-97] Failure - Error { message='Timeout 180000ms exceeded. name='TimeoutError stack='TimeoutError: Timeout 180000ms exceeded. at ProgressController.run (C:\Users\mabis\AppData\Local\Temp\playwright-java-1431074844503074224\package\l...
2026-06-17T05:41:51.290549800Z  [User-78] Failure - Error { message='Timeout 180000ms exceeded. name='TimeoutError stack='TimeoutError: Timeout 180000ms exceeded. at ProgressController.run (C:\Users\mabis\AppData\Local\Temp\playwright-java-1431074844503074224\package\l...
2026-06-17T05:41:51.291550100Z  [User-44] Failure - Error { message='Timeout 180000ms exceeded. name='TimeoutError stack='TimeoutError: Timeout 180000ms exceeded. at ProgressController.run (C:\Users\mabis\AppData\Local\Temp\playwright-java-1431074844503074224\package\l...
2026-06-17T05:41:51.291550100Z  [User-65] Failure - Error { message='Timeout 180000ms exceeded. name='TimeoutError stack='TimeoutError: Timeout 180000ms exceeded. at ProgressController.run (C:\Users\mabis\AppData\Local\Temp\playwright-java-1431074844503074224\package\l...
2026-06-17T05:41:51.291550100Z  [User-76] Failure - Error { message='Timeout 180000ms exceeded. name='TimeoutError stack='TimeoutError: Timeout 180000ms exceeded. at ProgressController.run (C:\Users\mabis\AppData\Local\Temp\playwright-java-1431074844503074224\package\l...
2026-06-17T05:41:51.291550100Z  [User-81] Failure - Error { message='Timeout 180000ms exceeded. name='TimeoutError stack='TimeoutError: Timeout 180000ms exceeded. at ProgressController.run (C:\Users\mabis\AppData\Local\Temp\playwright-java-1431074844503074224\package\l...
2026-06-17T05:41:51.293549900Z  [User-64] Failure - Error { message='Timeout 180000ms exceeded. name='TimeoutError stack='TimeoutError: Timeout 180000ms exceeded. at ProgressController.run (C:\Users\mabis\AppData\Local\Temp\playwright-java-1431074844503074224\package\l...
2026-06-17T05:41:51.387492600Z  [User-47] Failure - Error { message='Timeout 180000ms exceeded. name='TimeoutError stack='TimeoutError: Timeout 180000ms exceeded. at ProgressController.run (C:\Users\mabis\AppData\Local\Temp\playwright-java-1431074844503074224\package\l...
2026-06-17T05:41:51.918680400Z  [User-69] Failure - Error { message='Timeout 180000ms exceeded. name='TimeoutError stack='TimeoutError: Timeout 180000ms exceeded. at ProgressController.run (C:\Users\mabis\AppData\Local\Temp\playwright-java-1431074844503074224\package\l...
2026-06-17T05:41:53.768526700Z  [User-75] Failure - Error { message='Timeout 180000ms exceeded. name='TimeoutError stack='TimeoutError: Timeout 180000ms exceeded. at ProgressController.run (C:\Users\mabis\AppData\Local\Temp\playwright-java-1431074844503074224\package\l...
2026-06-17T05:41:54.091654200Z  [User-36] Failure - Error { message='Timeout 180000ms exceeded. name='TimeoutError stack='TimeoutError: Timeout 180000ms exceeded. at ProgressController.run (C:\Users\mabis\AppData\Local\Temp\playwright-java-1431074844503074224\package\l...
2026-06-17T05:41:54.343790Z  [User-56] Failure - Error { message='Timeout 180000ms exceeded. name='TimeoutError stack='TimeoutError: Timeout 180000ms exceeded. at ProgressController.run (C:\Users\mabis\AppData\Local\Temp\playwright-java-1431074844503074224\package\l...
2026-06-17T05:41:54.376853Z  [User-61] Failure - Error { message='Timeout 180000ms exceeded. name='TimeoutError stack='TimeoutError: Timeout 180000ms exceeded. at ProgressController.run (C:\Users\mabis\AppData\Local\Temp\playwright-java-1431074844503074224\package\l...
2026-06-17T05:41:54.380852500Z  [User-89] Failure - Error { message='Timeout 180000ms exceeded. name='TimeoutError stack='TimeoutError: Timeout 180000ms exceeded. at ProgressController.run (C:\Users\mabis\AppData\Local\Temp\playwright-java-1431074844503074224\package\l...
2026-06-17T05:41:54.408853600Z  [User-66] Failure - Error { message='Timeout 180000ms exceeded. name='TimeoutError stack='TimeoutError: Timeout 180000ms exceeded. at ProgressController.run (C:\Users\mabis\AppData\Local\Temp\playwright-java-1431074844503074224\package\l...
2026-06-17T05:41:56.994832900Z  [User-54] Failure - Error { message='Timeout 180000ms exceeded. name='TimeoutError stack='TimeoutError: Timeout 180000ms exceeded. at ProgressController.run (C:\Users\mabis\AppData\Local\Temp\playwright-java-1431074844503074224\package\l...
2026-06-17T05:41:56.994832900Z  [User-45] Failure - Error { message='Timeout 180000ms exceeded. name='TimeoutError stack='TimeoutError: Timeout 180000ms exceeded. at ProgressController.run (C:\Users\mabis\AppData\Local\Temp\playwright-java-1431074844503074224\package\l...
2026-06-17T05:41:57.016834300Z  [User-53] Failure - Error { message='Timeout 180000ms exceeded. name='TimeoutError stack='TimeoutError: Timeout 180000ms exceeded. at ProgressController.run (C:\Users\mabis\AppData\Local\Temp\playwright-java-1431074844503074224\package\l...
2026-06-17T05:41:57.056299700Z  [User-34] Failure - Error { message='Timeout 180000ms exceeded. name='TimeoutError stack='TimeoutError: Timeout 180000ms exceeded. at ProgressController.run (C:\Users\mabis\AppData\Local\Temp\playwright-java-1431074844503074224\package\l...
2026-06-17T05:41:57.204568900Z  [User-71] Failure - Error { message='Timeout 180000ms exceeded. name='TimeoutError stack='TimeoutError: Timeout 180000ms exceeded. at ProgressController.run (C:\Users\mabis\AppData\Local\Temp\playwright-java-1431074844503074224\package\l...
2026-06-17T05:41:58.312408400Z  [User-39] Failure - Error { message='Timeout 180000ms exceeded. name='TimeoutError stack='TimeoutError: Timeout 180000ms exceeded. at ProgressController.run (C:\Users\mabis\AppData\Local\Temp\playwright-java-1431074844503074224\package\l...
2026-06-17T05:41:58.997761800Z  [User-57] Failure - Error { message='Timeout 180000ms exceeded. name='TimeoutError stack='TimeoutError: Timeout 180000ms exceeded. at ProgressController.run (C:\Users\mabis\AppData\Local\Temp\playwright-java-1431074844503074224\package\l...
2026-06-17T05:41:59.122043900Z  [User-58] Failure - Error { message='Timeout 180000ms exceeded. name='TimeoutError stack='TimeoutError: Timeout 180000ms exceeded. at ProgressController.run (C:\Users\mabis\AppData\Local\Temp\playwright-java-1431074844503074224\package\l...
2026-06-17T05:42:07.412514800Z  [User-42] Failure - Error { message='Timeout 180000ms exceeded. name='TimeoutError stack='TimeoutError: Timeout 180000ms exceeded. at ProgressController.run (C:\Users\mabis\AppData\Local\Temp\playwright-java-1431074844503074224\package\l...
2026-06-17T05:42:07.816629900Z  [User-37] Failure - Error { message='Timeout 180000ms exceeded. name='TimeoutError stack='TimeoutError: Timeout 180000ms exceeded. at ProgressController.run (C:\Users\mabis\AppData\Local\Temp\playwright-java-1431074844503074224\package\l...
2026-06-17T05:42:24.023007800Z  [User-59] Failure - Error { message='Timeout 180000ms exceeded. name='TimeoutError stack='TimeoutError: Timeout 180000ms exceeded. at ProgressController.run (C:\Users\mabis\AppData\Local\Temp\playwright-java-1431074844503074224\package\l...
2026-06-17T05:43:04.747992500Z  [User-4] Failure - Error { message='Timeout 15000ms exceeded. name='TimeoutError stack='TimeoutError: Timeout 15000ms exceeded. at ProgressController.run (C:\Users\mabis\AppData\Local\Temp\playwright-java-1431074844503074224\package\lib...
2026-06-17T05:43:46.014583Z  [User-11] Failure - Error { message='Timeout 15000ms exceeded. name='TimeoutError stack='TimeoutError: Timeout 15000ms exceeded. at ProgressController.run (C:\Users\mabis\AppData\Local\Temp\playwright-java-1431074844503074224\package\lib...
2026-06-17T05:44:02.351777700Z  [User-13] Failure - Error { message='Timeout 15000ms exceeded. name='TimeoutError stack='TimeoutError: Timeout 15000ms exceeded. at ProgressController.run (C:\Users\mabis\AppData\Local\Temp\playwright-java-1431074844503074224\package\lib...
2026-06-17T05:44:21.035610200Z  [User-35] Browser Tab Opened
2026-06-17T05:44:21.054617900Z  [User-35] Opening Login Page
2026-06-17T05:44:22.043900100Z  [User-33] Browser Tab Opened
2026-06-17T05:44:22.044903500Z  [User-33] Opening Login Page
2026-06-17T05:44:22.060911300Z  [User-38] Browser Tab Opened
2026-06-17T05:44:22.117433400Z  [User-38] Opening Login Page
2026-06-17T05:44:22.305494500Z  [User-31] Browser Tab Opened
2026-06-17T05:44:22.305494500Z  [User-31] Opening Login Page
2026-06-17T05:44:28.744376300Z  [User-50] Failure - Error { message='Timeout 180000ms exceeded. name='TimeoutError stack='TimeoutError: Timeout 180000ms exceeded. at ProgressController.run (C:\Users\mabis\AppData\Local\Temp\playwright-java-1431074844503074224\package\l...
2026-06-17T05:44:43.450853Z  [User-3] Failure - Error { message='Timeout 180000ms exceeded. name='TimeoutError stack='TimeoutError: Timeout 180000ms exceeded. at ProgressController.run (C:\Users\mabis\AppData\Local\Temp\playwright-java-1431074844503074224\package\l...
2026-06-17T05:44:48.640503900Z  [User-38] Login Success
2026-06-17T05:44:53.091441300Z  [User-35] Login Success
2026-06-17T05:44:55.211609900Z  [User-1] Form Filled
2026-06-17T05:44:55.265628900Z  [User-33] Login Success
2026-06-17T05:45:01.088089800Z  [User-38] Selected Declaration Type - Certificate of Origin (COO)
2026-06-17T05:45:01.088089800Z  [User-38] Selected JSON File - COO-PERMIT.json
2026-06-17T05:45:05.841215800Z  [User-35] Selected Declaration Type - Certificate of Origin (COO)
2026-06-17T05:45:05.841215800Z  [User-35] Selected JSON File - COO-PERMIT.json
2026-06-17T05:45:07.900177200Z  [User-93] Form Filled
2026-06-17T05:45:14.042426500Z  [User-33] Selected Declaration Type - Certificate of Origin (COO)
2026-06-17T05:45:14.042426500Z  [User-33] Selected JSON File - COO-PERMIT.json
2026-06-17T05:45:17.741838400Z  [User-1] Submitted
2026-06-17T05:45:19.602943100Z  [User-14] Form Filled
2026-06-17T05:45:22.075153700Z  [User-91] Form Filled
2026-06-17T05:45:22.255852700Z  [User-38] Declaration Created
2026-06-17T05:45:24.522007Z  [User-33] Declaration Created
2026-06-17T05:45:26.490773700Z  [User-35] Declaration Created
2026-06-17T05:45:27.766696Z  [User-93] Submitted
2026-06-17T05:45:27.770695Z  [User-10] Failure - Error { message='Timeout 15000ms exceeded. name='TimeoutError stack='TimeoutError: Timeout 15000ms exceeded. at ProgressController.run (C:\Users\mabis\AppData\Local\Temp\playwright-java-1431074844503074224\package\lib...
2026-06-17T05:45:31.307398200Z  [User-31] Login Success
2026-06-17T05:45:32.249142100Z  [User-14] Submitted
2026-06-17T05:45:35.298594200Z  [User-17] Form Filled
2026-06-17T05:45:35.298594200Z  [User-91] Submitted
2026-06-17T05:45:35.574173Z  [User-95] Form Filled
2026-06-17T05:45:35.916897300Z  [User-98] Form Filled
2026-06-17T05:45:40.092178800Z  [User-31] Selected Declaration Type - Certificate of Origin (COO)
2026-06-17T05:45:40.112188800Z  [User-31] Selected JSON File - COO-PERMIT.json
2026-06-17T05:45:42.374482800Z  [User-70] Form Filled
2026-06-17T05:45:44.670175100Z  [User-5] Form Filled
2026-06-17T05:45:44.692176Z  [User-21] Form Filled
2026-06-17T05:45:44.856251700Z  [User-18] Form Filled
2026-06-17T05:45:45.868155200Z  [User-20] Form Filled
2026-06-17T05:45:46.518377200Z  [User-99] Form Filled
2026-06-17T05:45:46.959205600Z  [User-17] Submitted
2026-06-17T05:45:47.124754600Z  [User-95] Submitted
2026-06-17T05:45:47.818482900Z  [User-98] Submitted
2026-06-17T05:45:51.615708800Z  [User-9] Form Filled
2026-06-17T05:45:51.669225300Z  [User-70] Submitted
2026-06-17T05:45:54.694203100Z  [User-21] Submitted
2026-06-17T05:45:54.715205500Z  [User-5] Submitted
2026-06-17T05:45:54.972824700Z  [User-20] Submitted
2026-06-17T05:45:54.973829500Z  [User-99] Submitted
2026-06-17T05:45:55.165903400Z  [User-18] Submitted
2026-06-17T05:45:59.481982700Z  [User-9] Submitted
2026-06-17T05:46:06.245413300Z  [User-31] Failure - Error { message='Timeout 15000ms exceeded. name='TimeoutError stack='TimeoutError: Timeout 15000ms exceeded. at ProgressController.run (C:\Users\mabis\AppData\Local\Temp\playwright-java-1431074844503074224\package\lib...
2026-06-17T05:46:06.650556300Z  [User-1] Error Details - Validation Failed:
2026-06-17T05:46:06.650556300Z  [User-1] Workflow Failed - Validation Failed:
2026-06-17T05:46:25.213954500Z  [User-93] Error Details - Validation Failed:
2026-06-17T05:46:25.213954500Z  [User-93] Workflow Failed - Validation Failed:
2026-06-17T05:46:26.355492300Z  [User-14] Error Details - Validation Failed:
2026-06-17T05:46:26.356494100Z  [User-14] Workflow Failed - Validation Failed:
2026-06-17T05:46:33.563713800Z  [User-38] Failure - Error { message='Timeout 15000ms exceeded. name='TimeoutError stack='TimeoutError: Timeout 15000ms exceeded. at ProgressController.run (C:\Users\mabis\AppData\Local\Temp\playwright-java-1431074844503074224\package\lib...
2026-06-17T05:46:35.090306700Z  [User-35] Failure - Error { message='Timeout 15000ms exceeded. name='TimeoutError stack='TimeoutError: Timeout 15000ms exceeded. at ProgressController.run (C:\Users\mabis\AppData\Local\Temp\playwright-java-1431074844503074224\package\lib...
2026-06-17T05:46:35.285477600Z  Declaration status tracking warning: Error { message='Timeout 15000ms exceeded. name='TimeoutError stack='TimeoutError: Timeout 15000ms exceeded. at ProgressController.run (C:\Users\mabis\AppData\Local\Temp\playwright-java-1431074844503074224\package\lib...
2026-06-17T05:46:35.504295500Z  [User-91] Error Details - Validation Failed:
2026-06-17T05:46:35.504295500Z  [User-91] Workflow Failed - Validation Failed:
2026-06-17T05:46:36.710930900Z  [User-12] Failure - Error { message='Timeout 15000ms exceeded. name='TimeoutError stack='TimeoutError: Timeout 15000ms exceeded. at ProgressController.run (C:\Users\mabis\AppData\Local\Temp\playwright-java-1431074844503074224\package\lib...
2026-06-17T05:46:37.712100400Z  [User-95] Error Details - Validation Failed:
2026-06-17T05:46:37.712100400Z  [User-95] Workflow Failed - Validation Failed:
2026-06-17T05:46:40.403114100Z  [User-26] Failure - Draft save did not complete successfully before submit.
2026-06-17T05:46:41.705886800Z  [User-22] Form Filled
2026-06-17T05:46:49.514658200Z  [User-38] Screenshot Capture Failed - Error { message='Timeout 15000ms exceeded. name='TimeoutError stack='TimeoutError: Timeout 15000ms exceeded. at ProgressController.run (C:\Users\mabis\AppData\Local\Temp\playwright-java-1431074844503074224\package\lib...
2026-06-17T05:46:50.209536100Z  [User-35] Screenshot Capture Failed - Error { message='Timeout 15000ms exceeded. name='TimeoutError stack='TimeoutError: Timeout 15000ms exceeded. at ProgressController.run (C:\Users\mabis\AppData\Local\Temp\playwright-java-1431074844503074224\package\lib...
2026-06-17T05:46:51.101567600Z  [User-91] Screenshot Capture Failed - Error { message='Timeout 15000ms exceeded. name='TimeoutError stack='TimeoutError: Timeout 15000ms exceeded. at ProgressController.run (C:\Users\mabis\AppData\Local\Temp\playwright-java-1431074844503074224\package\lib...
2026-06-17T05:46:51.169190500Z  [User-93] Screenshot Capture Failed - Error { message='Timeout 15000ms exceeded. name='TimeoutError stack='TimeoutError: Timeout 15000ms exceeded. at ProgressController.run (C:\Users\mabis\AppData\Local\Temp\playwright-java-1431074844503074224\package\lib...
2026-06-17T05:46:51.690778600Z  Declaration status tracking warning: Error { message='Timeout 15000ms exceeded. name='TimeoutError stack='TimeoutError: Timeout 15000ms exceeded. at ProgressController.run (C:\Users\mabis\AppData\Local\Temp\playwright-java-1431074844503074224\package\lib...
2026-06-17T05:46:52.924556700Z  [User-95] Screenshot Capture Failed - Error { message='Timeout 15000ms exceeded. name='TimeoutError stack='TimeoutError: Timeout 15000ms exceeded. at ProgressController.run (C:\Users\mabis\AppData\Local\Temp\playwright-java-1431074844503074224\package\lib...
2026-06-17T05:46:54.464294200Z  Declaration status tracking warning: Error { message='Timeout 15000ms exceeded. name='TimeoutError stack='TimeoutError: Timeout 15000ms exceeded. at ProgressController.run (C:\Users\mabis\AppData\Local\Temp\playwright-java-1431074844503074224\package\lib...
2026-06-17T05:46:55.382052200Z  [User-88] Failure - Error { message='Timeout 15000ms exceeded. name='TimeoutError stack='TimeoutError: Timeout 15000ms exceeded. at ProgressController.run (C:\Users\mabis\AppData\Local\Temp\playwright-java-1431074844503074224\package\lib...
2026-06-17T05:46:55.638319100Z  [User-26] Screenshot Capture Failed - Error { message='Timeout 15000ms exceeded. name='TimeoutError stack='TimeoutError: Timeout 15000ms exceeded. at ProgressController.run (C:\Users\mabis\AppData\Local\Temp\playwright-java-1431074844503074224\package\lib...
2026-06-17T05:47:06.907253400Z  [User-18] Error Details - Validation Failed:
2026-06-17T05:47:06.907253400Z  [User-18] Workflow Failed - Validation Failed:
2026-06-17T05:47:07.962294700Z  [User-17] Error Details - Validation Failed:
2026-06-17T05:47:07.962294700Z  [User-17] Workflow Failed - Validation Failed:
2026-06-17T05:47:08.849043Z  [User-5] Error Details - Validation Failed:
2026-06-17T05:47:08.850052200Z  [User-5] Workflow Failed - Validation Failed:
2026-06-17T05:47:10.562964300Z  [User-70] Error Details - Validation Failed
2026-06-17T05:47:10.562964300Z  [User-70] Workflow Failed - Validation Failed
2026-06-17T05:47:10.848268700Z  [User-12] Screenshot Capture Failed - Error { message='Timeout 15000ms exceeded. name='TimeoutError stack='TimeoutError: Timeout 15000ms exceeded. at ProgressController.run (C:\Users\mabis\AppData\Local\Temp\playwright-java-1431074844503074224\package\lib...
2026-06-17T05:47:11.149330400Z  [User-9] Error Details - Validation Failed:
2026-06-17T05:47:11.149330400Z  [User-9] Workflow Failed - Validation Failed:
2026-06-17T05:47:21.981865900Z  [User-18] Screenshot Capture Failed - Error { message='Timeout 15000ms exceeded. name='TimeoutError stack='TimeoutError: Timeout 15000ms exceeded. at ProgressController.run (C:\Users\mabis\AppData\Local\Temp\playwright-java-1431074844503074224\package\lib...
2026-06-17T05:47:23.063949200Z  [User-17] Screenshot Capture Failed - Error { message='Timeout 15000ms exceeded. name='TimeoutError stack='TimeoutError: Timeout 15000ms exceeded. at ProgressController.run (C:\Users\mabis\AppData\Local\Temp\playwright-java-1431074844503074224\package\lib...
2026-06-17T05:47:25.535382Z  [User-8] Failure - Error { message='Timeout 15000ms exceeded. name='TimeoutError stack='TimeoutError: Timeout 15000ms exceeded. at ProgressController.run (C:\Users\mabis\AppData\Local\Temp\playwright-java-1431074844503074224\package\lib...
2026-06-17T05:47:25.663546300Z  [User-70] Screenshot Capture Failed - Error { message='Timeout 15000ms exceeded. name='TimeoutError stack='TimeoutError: Timeout 15000ms exceeded. at ProgressController.run (C:\Users\mabis\AppData\Local\Temp\playwright-java-1431074844503074224\package\lib...
2026-06-17T05:47:25.768256700Z  [User-28] Failure - Error { message='Timeout 15000ms exceeded. name='TimeoutError stack='TimeoutError: Timeout 15000ms exceeded. at ProgressController.run (C:\Users\mabis\AppData\Local\Temp\playwright-java-1431074844503074224\package\lib...
2026-06-17T05:47:26.253363300Z  [User-9] Screenshot Capture Failed - Error { message='Timeout 15000ms exceeded. name='TimeoutError stack='TimeoutError: Timeout 15000ms exceeded. at ProgressController.run (C:\Users\mabis\AppData\Local\Temp\playwright-java-1431074844503074224\package\lib...
2026-06-17T05:47:29.703260900Z  [User-5] Screenshot Capture Failed - Error { message='Timeout 15000ms exceeded. name='TimeoutError stack='TimeoutError: Timeout 15000ms exceeded. at ProgressController.run (C:\Users\mabis\AppData\Local\Temp\playwright-java-1431074844503074224\package\lib...
2026-06-17T05:47:31.945403400Z  [User-98] Error Details - Validation Failed:
2026-06-17T05:47:31.945403400Z  [User-98] Workflow Failed - Validation Failed:
2026-06-17T05:47:38.680946400Z  [User-21] Error Details - Validation Failed:
2026-06-17T05:47:38.680946400Z  [User-21] Workflow Failed - Validation Failed:
2026-06-17T05:47:42.903742700Z  [User-88] Screenshot Capture Failed - Error { message='Timeout 15000ms exceeded. name='TimeoutError stack='TimeoutError: Timeout 15000ms exceeded. at ProgressController.run (C:\Users\mabis\AppData\Local\Temp\playwright-java-1431074844503074224\package\lib...
2026-06-17T05:47:42.941786500Z  [User-8] Screenshot Capture Failed - Error { message='Timeout 15000ms exceeded. name='TimeoutError stack='TimeoutError: Timeout 15000ms exceeded. at ProgressController.run (C:\Users\mabis\AppData\Local\Temp\playwright-java-1431074844503074224\package\lib...
2026-06-17T05:47:42.966788800Z  [User-28] Screenshot Capture Failed - Error { message='Timeout 15000ms exceeded. name='TimeoutError stack='TimeoutError: Timeout 15000ms exceeded. at ProgressController.run (C:\Users\mabis\AppData\Local\Temp\playwright-java-1431074844503074224\package\lib...
2026-06-17T05:47:49.423641200Z  [User-98] Screenshot Capture Failed - Error { message='Timeout 15000ms exceeded. name='TimeoutError stack='TimeoutError: Timeout 15000ms exceeded. at ProgressController.run (C:\Users\mabis\AppData\Local\Temp\playwright-java-1431074844503074224\package\lib...
2026-06-17T05:47:53.770683900Z  [User-21] Screenshot Capture Failed - Error { message='Timeout 15000ms exceeded. name='TimeoutError stack='TimeoutError: Timeout 15000ms exceeded. at ProgressController.run (C:\Users\mabis\AppData\Local\Temp\playwright-java-1431074844503074224\package\lib...
2026-06-17T05:48:07.562158800Z  [User-20] Error Details - Validation Failed:
2026-06-17T05:48:07.562158800Z  [User-20] Workflow Failed - Validation Failed:
2026-06-17T05:48:12.653705900Z  [User-22] Submitted
2026-06-17T05:48:14.139300200Z  [User-96] Form Filled
2026-06-17T05:48:19.382929600Z  [User-99] Error Details - Validation Failed:
2026-06-17T05:48:19.382929600Z  [User-99] Workflow Failed - Validation Failed:
2026-06-17T05:48:22.575823900Z  [User-20] Screenshot Capture Failed - Error { message='Timeout 15000ms exceeded. name='TimeoutError stack='TimeoutError: Timeout 15000ms exceeded. at ProgressController.run (C:\Users\mabis\AppData\Local\Temp\playwright-java-1431074844503074224\package\lib...
2026-06-17T05:48:34.420948100Z  [User-99] Screenshot Capture Failed - Error { message='Timeout 15000ms exceeded. name='TimeoutError stack='TimeoutError: Timeout 15000ms exceeded. at ProgressController.run (C:\Users\mabis\AppData\Local\Temp\playwright-java-1431074844503074224\package\lib...
2026-06-17T05:48:43.942388900Z  [User-96] Submitted
2026-06-17T05:48:54.427928200Z  [User-22] Error Details - Validation Failed:
2026-06-17T05:48:54.427928200Z  [User-22] Workflow Failed - Validation Failed:
2026-06-17T05:49:09.445896300Z  [User-22] Screenshot Capture Failed - Error { message='Timeout 15000ms exceeded. name='TimeoutError stack='TimeoutError: Timeout 15000ms exceeded. at ProgressController.run (C:\Users\mabis\AppData\Local\Temp\playwright-java-1431074844503074224\package\lib...
2026-06-17T05:49:27.697790100Z  [User-96] Error Details - Validation Failed:
2026-06-17T05:49:27.697790100Z  [User-96] Workflow Failed - Validation Failed:
2026-06-17T05:49:30.736941200Z  [User-16] Form Filled
2026-06-17T05:49:31.242901600Z  [User-24] Form Filled
2026-06-17T05:49:40.886856300Z  [User-2] Form Filled
2026-06-17T05:49:42.713101800Z  [User-96] Screenshot Capture Failed - Error { message='Timeout 15000ms exceeded. name='TimeoutError stack='TimeoutError: Timeout 15000ms exceeded. at ProgressController.run (C:\Users\mabis\AppData\Local\Temp\playwright-java-1431074844503074224\package\lib...
2026-06-17T05:50:08.521907800Z  [User-33] Form Filled
2026-06-17T05:50:10.287335900Z  [User-16] Submitted
2026-06-17T05:50:10.533710700Z  [User-24] Submitted
2026-06-17T05:50:14.631265500Z  [User-33] Submitted
2026-06-17T05:50:18.458179100Z  [User-2] Submitted
2026-06-17T05:51:02.309437500Z  [User-33] Error Details - Common Rejection Codes ARD - Application Rejected CRHEADER - Permit/Amendment/Cancellation/Refund application not approved CAHEADER - Customs Authority Header error
2026-06-17T05:51:02.309437500Z  [User-33] Workflow Failed - Common Rejection Codes ARD - Application Rejected CRHEADER - Permit/Amendment/Cancellation/Refund application not approved CAHEADER - Customs Authority Header error
2026-06-17T05:51:04.872063700Z  [User-24] Error Details - Common Rejection Codes ARD - Application Rejected CRHEADER - Permit/Amendment/Cancellation/Refund application not approved CAHEADER - Customs Authority Header error
2026-06-17T05:51:04.872063700Z  [User-24] Workflow Failed - Common Rejection Codes ARD - Application Rejected CRHEADER - Permit/Amendment/Cancellation/Refund application not approved CAHEADER - Customs Authority Header error
2026-06-17T05:51:04.882060200Z  [User-2] Error Details - Common Rejection Codes ARD - Application Rejected CRHEADER - Permit/Amendment/Cancellation/Refund application not approved CAHEADER - Customs Authority Header error
2026-06-17T05:51:04.882060200Z  [User-2] Workflow Failed - Common Rejection Codes ARD - Application Rejected CRHEADER - Permit/Amendment/Cancellation/Refund application not approved CAHEADER - Customs Authority Header error
2026-06-17T05:51:07.574244400Z  [User-16] Error Details - Common Rejection Codes ARD - Application Rejected CRHEADER - Permit/Amendment/Cancellation/Refund application not approved CAHEADER - Customs Authority Header error
2026-06-17T05:51:07.574244400Z  [User-16] Workflow Failed - Common Rejection Codes ARD - Application Rejected CRHEADER - Permit/Amendment/Cancellation/Refund application not approved CAHEADER - Customs Authority Header error
2026-06-17T05:51:22.620755900Z  [User-16] Screenshot Capture Failed - Error { message='Timeout 15000ms exceeded. name='TimeoutError stack='TimeoutError: Timeout 15000ms exceeded. at ProgressController.run (C:\Users\mabis\AppData\Local\Temp\playwright-java-1431074844503074224\package\lib...
2026-06-17T05:51:23.277679200Z  Declaration workflow completed with 100 failed users.